../Core/Src/stm32f3xx_it.c:78:6:NMI_Handler	0	static
../Core/Src/stm32f3xx_it.c:93:6:HardFault_Handler	0	static
../Core/Src/stm32f3xx_it.c:108:6:MemManage_Handler	0	static
../Core/Src/stm32f3xx_it.c:123:6:BusFault_Handler	0	static
../Core/Src/stm32f3xx_it.c:138:6:UsageFault_Handler	0	static
../Core/Src/stm32f3xx_it.c:153:6:SVC_Handler	0	static
../Core/Src/stm32f3xx_it.c:166:6:DebugMon_Handler	0	static
../Core/Src/stm32f3xx_it.c:179:6:PendSV_Handler	0	static
../Core/Src/stm32f3xx_it.c:192:6:SysTick_Handler	0	static
../Core/Src/stm32f3xx_it.c:213:6:DMA1_Channel1_IRQHandler	0	static
../Core/Src/stm32f3xx_it.c:227:6:DMA1_Channel3_IRQHandler	0	static
../Core/Src/stm32f3xx_it.c:241:6:CAN_RX0_IRQHandler	0	static
../Core/Src/stm32f3xx_it.c:255:6:TIM7_IRQHandler	0	static
../Core/Src/stm32f3xx_it.c:269:6:DMA2_Channel3_IRQHandler	0	static
../Core/Src/stm32f3xx_it.c:283:6:DMA2_Channel4_IRQHandler	0	static
../Core/Src/stm32f3xx_it.c:297:6:DMA2_Channel5_IRQHandler	0	static
../Core/Src/stm32f3xx_it.c:311:6:USB_LP_IRQHandler	0	static
