../Core/Src/stm32f3xx_hal_msp.c:75:6:HAL_MspInit	8	static
../Core/Src/stm32f3xx_hal_msp.c:97:6:HAL_CAN_MspInit	40	static
../Core/Src/stm32f3xx_hal_msp.c:136:6:HAL_CAN_MspDeInit	8	static
../Core/Src/stm32f3xx_hal_msp.c:167:6:HAL_DAC_MspInit	48	static
../Core/Src/stm32f3xx_hal_msp.c:222:6:HAL_DAC_MspDeInit	0	static
../Core/Src/stm32f3xx_hal_msp.c:268:6:HAL_SDADC_MspInit	72	static
../Core/Src/stm32f3xx_hal_msp.c:427:6:HAL_SDADC_MspDeInit	8	static
../Core/Src/stm32f3xx_hal_msp.c:520:6:HAL_TIM_Base_MspInit	72	static
../Core/Src/stm32f3xx_hal_msp.c:673:6:HAL_TIM_Encoder_MspInit	48	static
../Core/Src/stm32f3xx_hal_msp.c:727:6:HAL_TIM_MspPostInit	40	static
../Core/Src/stm32f3xx_hal_msp.c:785:6:HAL_TIM_Base_MspDeInit	8	static
../Core/Src/stm32f3xx_hal_msp.c:891:6:HAL_TIM_Encoder_MspDeInit	0	static
