Archive member included to satisfy reference by file (symbol)

c:/program/stm32cubeide_1.9.0/stm32cubeide/plugins/com.st.stm32cube.ide.mcu.externaltools.gnu-tools-for-stm32.10.3-2021.10.win32_1.0.0.202111181127/tools/bin/../lib/gcc/arm-none-eabi/10.3.1/../../../../arm-none-eabi/lib/thumb/v7e-m+fp/hard\libc_nano.a(lib_a-errno.o)
                              ./Core/Src/syscalls.o (__errno)
c:/program/stm32cubeide_1.9.0/stm32cubeide/plugins/com.st.stm32cube.ide.mcu.externaltools.gnu-tools-for-stm32.10.3-2021.10.win32_1.0.0.202111181127/tools/bin/../lib/gcc/arm-none-eabi/10.3.1/../../../../arm-none-eabi/lib/thumb/v7e-m+fp/hard\libc_nano.a(lib_a-exit.o)
                              c:/program/stm32cubeide_1.9.0/stm32cubeide/plugins/com.st.stm32cube.ide.mcu.externaltools.gnu-tools-for-stm32.10.3-2021.10.win32_1.0.0.202111181127/tools/bin/../lib/gcc/arm-none-eabi/10.3.1/../../../../arm-none-eabi/lib/thumb/v7e-m+fp/hard/crt0.o (exit)
c:/program/stm32cubeide_1.9.0/stm32cubeide/plugins/com.st.stm32cube.ide.mcu.externaltools.gnu-tools-for-stm32.10.3-2021.10.win32_1.0.0.202111181127/tools/bin/../lib/gcc/arm-none-eabi/10.3.1/../../../../arm-none-eabi/lib/thumb/v7e-m+fp/hard\libc_nano.a(lib_a-impure.o)
                              c:/program/stm32cubeide_1.9.0/stm32cubeide/plugins/com.st.stm32cube.ide.mcu.externaltools.gnu-tools-for-stm32.10.3-2021.10.win32_1.0.0.202111181127/tools/bin/../lib/gcc/arm-none-eabi/10.3.1/../../../../arm-none-eabi/lib/thumb/v7e-m+fp/hard\libc_nano.a(lib_a-exit.o) (_global_impure_ptr)
c:/program/stm32cubeide_1.9.0/stm32cubeide/plugins/com.st.stm32cube.ide.mcu.externaltools.gnu-tools-for-stm32.10.3-2021.10.win32_1.0.0.202111181127/tools/bin/../lib/gcc/arm-none-eabi/10.3.1/../../../../arm-none-eabi/lib/thumb/v7e-m+fp/hard\libc_nano.a(lib_a-init.o)
                              c:/program/stm32cubeide_1.9.0/stm32cubeide/plugins/com.st.stm32cube.ide.mcu.externaltools.gnu-tools-for-stm32.10.3-2021.10.win32_1.0.0.202111181127/tools/bin/../lib/gcc/arm-none-eabi/10.3.1/../../../../arm-none-eabi/lib/thumb/v7e-m+fp/hard/crt0.o (__libc_init_array)
c:/program/stm32cubeide_1.9.0/stm32cubeide/plugins/com.st.stm32cube.ide.mcu.externaltools.gnu-tools-for-stm32.10.3-2021.10.win32_1.0.0.202111181127/tools/bin/../lib/gcc/arm-none-eabi/10.3.1/../../../../arm-none-eabi/lib/thumb/v7e-m+fp/hard\libc_nano.a(lib_a-memcpy-stub.o)
                              ./Core/Src/STM32 PLC/USB.o (memcpy)
c:/program/stm32cubeide_1.9.0/stm32cubeide/plugins/com.st.stm32cube.ide.mcu.externaltools.gnu-tools-for-stm32.10.3-2021.10.win32_1.0.0.202111181127/tools/bin/../lib/gcc/arm-none-eabi/10.3.1/../../../../arm-none-eabi/lib/thumb/v7e-m+fp/hard\libc_nano.a(lib_a-memset.o)
                              c:/program/stm32cubeide_1.9.0/stm32cubeide/plugins/com.st.stm32cube.ide.mcu.externaltools.gnu-tools-for-stm32.10.3-2021.10.win32_1.0.0.202111181127/tools/bin/../lib/gcc/arm-none-eabi/10.3.1/../../../../arm-none-eabi/lib/thumb/v7e-m+fp/hard/crt0.o (memset)
c:/program/stm32cubeide_1.9.0/stm32cubeide/plugins/com.st.stm32cube.ide.mcu.externaltools.gnu-tools-for-stm32.10.3-2021.10.win32_1.0.0.202111181127/tools/bin/../lib/gcc/arm-none-eabi/10.3.1/../../../../arm-none-eabi/lib/thumb/v7e-m+fp/hard\libc_nano.a(lib_a-nano-vfprintf_float.o)
                              (_printf_float)
c:/program/stm32cubeide_1.9.0/stm32cubeide/plugins/com.st.stm32cube.ide.mcu.externaltools.gnu-tools-for-stm32.10.3-2021.10.win32_1.0.0.202111181127/tools/bin/../lib/gcc/arm-none-eabi/10.3.1/../../../../arm-none-eabi/lib/thumb/v7e-m+fp/hard\libc_nano.a(lib_a-nano-vfprintf_i.o)
                              c:/program/stm32cubeide_1.9.0/stm32cubeide/plugins/com.st.stm32cube.ide.mcu.externaltools.gnu-tools-for-stm32.10.3-2021.10.win32_1.0.0.202111181127/tools/bin/../lib/gcc/arm-none-eabi/10.3.1/../../../../arm-none-eabi/lib/thumb/v7e-m+fp/hard\libc_nano.a(lib_a-nano-vfprintf_float.o) (_printf_common)
c:/program/stm32cubeide_1.9.0/stm32cubeide/plugins/com.st.stm32cube.ide.mcu.externaltools.gnu-tools-for-stm32.10.3-2021.10.win32_1.0.0.202111181127/tools/bin/../lib/gcc/arm-none-eabi/10.3.1/../../../../arm-none-eabi/lib/thumb/v7e-m+fp/hard\libc_nano.a(lib_a-strlen.o)
                              c:/program/stm32cubeide_1.9.0/stm32cubeide/plugins/com.st.stm32cube.ide.mcu.externaltools.gnu-tools-for-stm32.10.3-2021.10.win32_1.0.0.202111181127/tools/bin/../lib/gcc/arm-none-eabi/10.3.1/../../../../arm-none-eabi/lib/thumb/v7e-m+fp/hard\libc_nano.a(lib_a-nano-vfprintf_float.o) (strlen)
c:/program/stm32cubeide_1.9.0/stm32cubeide/plugins/com.st.stm32cube.ide.mcu.externaltools.gnu-tools-for-stm32.10.3-2021.10.win32_1.0.0.202111181127/tools/bin/../lib/gcc/arm-none-eabi/10.3.1/../../../../arm-none-eabi/lib/thumb/v7e-m+fp/hard\libc_nano.a(lib_a-dtoa.o)
[...]
Memory Configuration

Name             Origin             Length             Attributes
RAM              0x0000000020000000 0x0000000000006000 xrw
FLASH            0x0000000008000000 0x0000000000020000 xr
*default*        0x0000000000000000 0xffffffffffffffff

Linker script and memory map

LOAD c:/program/stm32cubeide_1.9.0/stm32cubeide/plugins/com.st.stm32cube.ide.mcu.externaltools.gnu-tools-for-stm32.10.3-2021.10.win32_1.0.0.202111181127/tools/bin/../lib/gcc/arm-none-eabi/10.3.1/thumb/v7e-m+fp/hard/crti.o
LOAD c:/program/stm32cubeide_1.9.0/stm32cubeide/plugins/com.st.stm32cube.ide.mcu.externaltools.gnu-tools-for-stm32.10.3-2021.10.win32_1.0.0.202111181127/tools/bin/../lib/gcc/arm-none-eabi/10.3.1/thumb/v7e-m+fp/hard/crtbegin.o
LOAD c:/program/stm32cubeide_1.9.0/stm32cubeide/plugins/com.st.stm32cube.ide.mcu.externaltools.gnu-tools-for-stm32.10.3-2021.10.win32_1.0.0.202111181127/tools/bin/../lib/gcc/arm-none-eabi/10.3.1/../../../../arm-none-eabi/lib/thumb/v7e-m+fp/hard/crt0.o
LOAD ./Core/Src/STM32 PLC/Analog_Input.o
LOAD ./Core/Src/STM32 PLC/Analog_Output.o
LOAD ./Core/Src/STM32 PLC/CAN.o
LOAD ./Core/Src/STM32 PLC/Digital_Input.o
LOAD ./Core/Src/STM32 PLC/Encoder.o
LOAD ./Core/Src/STM32 PLC/Flash.o
LOAD ./Core/Src/STM32 PLC/Input_Capture.o
LOAD ./Core/Src/STM32 PLC/LED.o
LOAD ./Core/Src/STM32 PLC/PWM.o
LOAD ./Core/Src/STM32 PLC/USB.o
LOAD ./Core/Src/main.o
LOAD ./Core/Src/stm32f3xx_hal_msp.o
LOAD ./Core/Src/stm32f3xx_hal_timebase_tim.o
LOAD ./Core/Src/stm32f3xx_it.o
LOAD ./Core/Src/syscalls.o
LOAD ./Core/Src/sysmem.o
LOAD ./Core/Src/system_stm32f3xx.o
LOAD ./Core/Startup/startup_stm32f373vbtx.o
LOAD ./Drivers/STM32F3xx_HAL_Driver/Src/stm32f3xx_hal.o
LOAD ./Drivers/STM32F3xx_HAL_Driver/Src/stm32f3xx_hal_can.o
LOAD ./Drivers/STM32F3xx_HAL_Driver/Src/stm32f3xx_hal_cortex.o
LOAD ./Drivers/STM32F3xx_HAL_Driver/Src/stm32f3xx_hal_dac.o
LOAD ./Drivers/STM32F3xx_HAL_Driver/Src/stm32f3xx_hal_dac_ex.o
LOAD ./Drivers/STM32F3xx_HAL_Driver/Src/stm32f3xx_hal_dma.o
LOAD ./Drivers/STM32F3xx_HAL_Driver/Src/stm32f3xx_hal_exti.o
LOAD ./Drivers/STM32F3xx_HAL_Driver/Src/stm32f3xx_hal_flash.o
LOAD ./Drivers/STM32F3xx_HAL_Driver/Src/stm32f3xx_hal_flash_ex.o
LOAD ./Drivers/STM32F3xx_HAL_Driver/Src/stm32f3xx_hal_gpio.o
LOAD ./Drivers/STM32F3xx_HAL_Driver/Src/stm32f3xx_hal_i2c.o
LOAD ./Drivers/STM32F3xx_HAL_Driver/Src/stm32f3xx_hal_i2c_ex.o
LOAD ./Drivers/STM32F3xx_HAL_Driver/Src/stm32f3xx_hal_pcd.o
LOAD ./Drivers/STM32F3xx_HAL_Driver/Src/stm32f3xx_hal_pcd_ex.o
LOAD ./Drivers/STM32F3xx_HAL_Driver/Src/stm32f3xx_hal_pwr.o
LOAD ./Drivers/STM32F3xx_HAL_Driver/Src/stm32f3xx_hal_pwr_ex.o
LOAD ./Drivers/STM32F3xx_HAL_Driver/Src/stm32f3xx_hal_rcc.o
LOAD ./Drivers/STM32F3xx_HAL_Driver/Src/stm32f3xx_hal_rcc_ex.o
LOAD ./Drivers/STM32F3xx_HAL_Driver/Src/stm32f3xx_hal_sdadc.o
LOAD ./Drivers/STM32F3xx_HAL_Driver/Src/stm32f3xx_hal_tim.o
LOAD ./Drivers/STM32F3xx_HAL_Driver/Src/stm32f3xx_hal_tim_ex.o
LOAD ./Drivers/STM32F3xx_HAL_Driver/Src/stm32f3xx_ll_usb.o
LOAD ./Middlewares/ST/STM32_USB_Device_Library/Class/CDC/Src/usbd_cdc.o
LOAD ./Middlewares/ST/STM32_USB_Device_Library/Core/Src/usbd_core.o
LOAD ./Middlewares/ST/STM32_USB_Device_Library/Core/Src/usbd_ctlreq.o
LOAD ./Middlewares/ST/STM32_USB_Device_Library/Core/Src/usbd_ioreq.o
LOAD ./USB_DEVICE/App/usb_device.o
LOAD ./USB_DEVICE/App/usbd_cdc_if.o
LOAD ./USB_DEVICE/App/usbd_desc.o
LOAD ./USB_DEVICE/Target/usbd_conf.o
START GROUP
LOAD c:/program/stm32cubeide_1.9.0/stm32cubeide/plugins/com.st.stm32cube.ide.mcu.externaltools.gnu-tools-for-stm32.10.3-2021.10.win32_1.0.0.202111181127/tools/bin/../lib/gcc/arm-none-eabi/10.3.1/../../../../arm-none-eabi/lib/thumb/v7e-m+fp/hard\libc_nano.a
LOAD c:/program/stm32cubeide_1.9.0/stm32cubeide/plugins/com.st.stm32cube.ide.mcu.externaltools.gnu-tools-for-stm32.10.3-2021.10.win32_1.0.0.202111181127/tools/bin/../lib/gcc/arm-none-eabi/10.3.1/../../../../arm-none-eabi/lib/thumb/v7e-m+fp/hard\libm.a
END GROUP
START GROUP
LOAD c:/program/stm32cubeide_1.9.0/stm32cubeide/plugins/com.st.stm32cube.ide.mcu.externaltools.gnu-tools-for-stm32.10.3-2021.10.win32_1.0.0.202111181127/tools/bin/../lib/gcc/arm-none-eabi/10.3.1/thumb/v7e-m+fp/hard\libgcc.a
LOAD c:/program/stm32cubeide_1.9.0/stm32cubeide/plugins/com.st.stm32cube.ide.mcu.externaltools.gnu-tools-for-stm32.10.3-2021.10.win32_1.0.0.202111181127/tools/bin/../lib/gcc/arm-none-eabi/10.3.1/../../../../arm-none-eabi/lib/thumb/v7e-m+fp/hard\libc_nano.a
END GROUP
START GROUP
LOAD c:/program/stm32cubeide_1.9.0/stm32cubeide/plugins/com.st.stm32cube.ide.mcu.externaltools.gnu-tools-for-stm32.10.3-2021.10.win32_1.0.0.202111181127/tools/bin/../lib/gcc/arm-none-eabi/10.3.1/thumb/v7e-m+fp/hard\libgcc.a
LOAD c:/program/stm32cubeide_1.9.0/stm32cubeide/plugins/com.st.stm32cube.ide.mcu.externaltools.gnu-tools-for-stm32.10.3-2021.10.win32_1.0.0.202111181127/tools/bin/../lib/gcc/arm-none-eabi/10.3.1/../../../../arm-none-eabi/lib/thumb/v7e-m+fp/hard\libc_nano.a
LOAD c:/program/stm32cubeide_1.9.0/stm32cubeide/plugins/com.st.stm32cube.ide.mcu.externaltools.gnu-tools-for-stm32.10.3-2021.10.win32_1.0.0.202111181127/tools/bin/../lib/gcc/arm-none-eabi/10.3.1/../../../../arm-none-eabi/lib/thumb/v7e-m+fp/hard\libnosys.a
END GROUP
START GROUP
LOAD c:/program/stm32cubeide_1.9.0/stm32cubeide/plugins/com.st.stm32cube.ide.mcu.externaltools.gnu-tools-for-stm32.10.3-2021.10.win32_1.0.0.202111181127/tools/bin/../lib/gcc/arm-none-eabi/10.3.1/thumb/v7e-m+fp/hard\libgcc.a
LOAD c:/program/stm32cubeide_1.9.0/stm32cubeide/plugins/com.st.stm32cube.ide.mcu.externaltools.gnu-tools-for-stm32.10.3-2021.10.win32_1.0.0.202111181127/tools/bin/../lib/gcc/arm-none-eabi/10.3.1/../../../../arm-none-eabi/lib/thumb/v7e-m+fp/hard\libc_nano.a
LOAD c:/program/stm32cubeide_1.9.0/stm32cubeide/plugins/com.st.stm32cube.ide.mcu.externaltools.gnu-tools-for-stm32.10.3-2021.10.win32_1.0.0.202111181127/tools/bin/../lib/gcc/arm-none-eabi/10.3.1/../../../../arm-none-eabi/lib/thumb/v7e-m+fp/hard\libnosys.a
END GROUP
LOAD c:/program/stm32cubeide_1.9.0/stm32cubeide/plugins/com.st.stm32cube.ide.mcu.externaltools.gnu-tools-for-stm32.10.3-2021.10.win32_1.0.0.202111181127/tools/bin/../lib/gcc/arm-none-eabi/10.3.1/thumb/v7e-m+fp/hard/crtend.o
LOAD c:/program/stm32cubeide_1.9.0/stm32cubeide/plugins/com.st.stm32cube.ide.mcu.externaltools.gnu-tools-for-stm32.10.3-2021.10.win32_1.0.0.202111181127/tools/bin/../lib/gcc/arm-none-eabi/10.3.1/thumb/v7e-m+fp/hard/crtn.o
                0x0000000020006000                _estack = (ORIGIN (RAM) + LENGTH (RAM))
                0x0000000000000200                _Min_Heap_Size = 0x200
                0x0000000000000400                _Min_Stack_Size = 0x400

.isr_vector     0x0000000008000000      0x188
                0x0000000008000000                . = ALIGN (0x4)
 *(.isr_vector)
 .isr_vector    0x0000000008000000      0x188 ./Core/Startup/startup_stm32f373vbtx.o
                0x0000000008000000                g_pfnVectors
                0x0000000008000188                . = ALIGN (0x4)

.text           0x0000000008000190     0xa2e4
                0x0000000008000190                . = ALIGN (0x4)
 *(.text)
 .text          0x0000000008000190       0x40 c:/program/stm32cubeide_1.9.0/stm32cubeide/plugins/com.st.stm32cube.ide.mcu.externaltools.gnu-tools-for-stm32.10.3-2021.10.win32_1.0.0.202111181127/tools/bin/../lib/gcc/arm-none-eabi/10.3.1/thumb/v7e-m+fp/hard/crtbegin.o
 .text          0x00000000080001d0       0x10 c:/program/stm32cubeide_1.9.0/stm32cubeide/plugins/com.st.stm32cube.ide.mcu.externaltools.gnu-tools-for-stm32.10.3-2021.10.win32_1.0.0.202111181127/tools/bin/../lib/gcc/arm-none-eabi/10.3.1/../../../../arm-none-eabi/lib/thumb/v7e-m+fp/hard\libc_nano.a(lib_a-strlen.o)
                0x00000000080001d0                strlen
 .text          0x00000000080001e0       0xa0 c:/program/stm32cubeide_1.9.0/stm32cubeide/plugins/com.st.stm32cube.ide.mcu.externaltools.gnu-tools-for-stm32.10.3-2021.10.win32_1.0.0.202111181127/tools/bin/../lib/gcc/arm-none-eabi/10.3.1/../../../../arm-none-eabi/lib/thumb/v7e-m+fp/hard\libc_nano.a(lib_a-memchr.o)
                0x00000000080001e0                memchr
 .text          0x0000000008000280      0x378 c:/program/stm32cubeide_1.9.0/stm32cubeide/plugins/com.st.stm32cube.ide.mcu.externaltools.gnu-tools-for-stm32.10.3-2021.10.win32_1.0.0.202111181127/tools/bin/../lib/gcc/arm-none-eabi/10.3.1/thumb/v7e-m+fp/hard\libgcc.a(_arm_addsubdf3.o)
                0x0000000008000280                __aeabi_drsub
                0x0000000008000288                __aeabi_dsub
                0x0000000008000288                __subdf3
                0x000000000800028c                __aeabi_dadd
                0x000000000800028c                __adddf3
                0x0000000008000504                __floatunsidf
                0x0000000008000504                __aeabi_ui2d
                0x0000000008000524                __floatsidf
                0x0000000008000524                __aeabi_i2d
                0x0000000008000548                __aeabi_f2d
                0x0000000008000548                __extendsfdf2
                0x000000000800058c                __floatundidf
                0x000000000800058c                __aeabi_ul2d
                0x000000000800059c                __floatdidf
                0x000000000800059c                __aeabi_l2d
 .text          0x00000000080005f8      0x424 c:/program/stm32cubeide_1.9.0/stm32cubeide/plugins/com.st.stm32cube.ide.mcu.externaltools.gnu-tools-for-stm32.10.3-2021.10.win32_1.0.0.202111181127/tools/bin/../lib/gcc/arm-none-eabi/10.3.1/thumb/v7e-m+fp/hard\libgcc.a(_arm_muldivdf3.o)
                0x00000000080005f8                __aeabi_dmul
                0x00000000080005f8                __muldf3
                0x000000000800084c                __divdf3
                0x000000000800084c                __aeabi_ddiv
 .text          0x0000000008000a1c      0x110 c:/program/stm32cubeide_1.9.0/stm32cubeide/plugins/com.st.stm32cube.ide.mcu.externaltools.gnu-tools-for-stm32.10.3-2021.10.win32_1.0.0.202111181127/tools/bin/../lib/gcc/arm-none-eabi/10.3.1/thumb/v7e-m+fp/hard\libgcc.a(_arm_cmpdf2.o)
                0x0000000008000a1c                __gtdf2
                0x0000000008000a1c                __gedf2
                0x0000000008000a24                __ltdf2
                0x0000000008000a24                __ledf2
                0x0000000008000a2c                __nedf2
                0x0000000008000a2c                __eqdf2
                0x0000000008000a2c                __cmpdf2
                0x0000000008000aa8                __aeabi_cdrcmple
                0x0000000008000ab8                __aeabi_cdcmpeq
                0x0000000008000ab8                __aeabi_cdcmple
                0x0000000008000ac8                __aeabi_dcmpeq
                0x0000000008000adc                __aeabi_dcmplt
                0x0000000008000af0                __aeabi_dcmple
                0x0000000008000b04                __aeabi_dcmpge
                0x0000000008000b18                __aeabi_dcmpgt
 .text          0x0000000008000b2c       0x2c c:/program/stm32cubeide_1.9.0/stm32cubeide/plugins/com.st.stm32cube.ide.mcu.externaltools.gnu-tools-for-stm32.10.3-2021.10.win32_1.0.0.202111181127/tools/bin/../lib/gcc/arm-none-eabi/10.3.1/thumb/v7e-m+fp/hard\libgcc.a(_arm_unorddf2.o)
                0x0000000008000b2c                __unorddf2
                0x0000000008000b2c                __aeabi_dcmpun
 .text          0x0000000008000b58       0x50 c:/program/stm32cubeide_1.9.0/stm32cubeide/plugins/com.st.stm32cube.ide.mcu.externaltools.gnu-tools-for-stm32.10.3-2021.10.win32_1.0.0.202111181127/tools/bin/../lib/gcc/arm-none-eabi/10.3.1/thumb/v7e-m+fp/hard\libgcc.a(_arm_fixdfsi.o)
                0x0000000008000b58                __aeabi_d2iz
                0x0000000008000b58                __fixdfsi
 *(.text*)
 .text.STM32_PLC_Analog_Input
                0x0000000008000ba8       0xd4 ./Core/Src/STM32 PLC/Analog_Input.o
                0x0000000008000ba8                STM32_PLC_Analog_Input
 .text.STM32_PLC_Analog_Input_Set_Gain
                0x0000000008000c7c      0x14c ./Core/Src/STM32 PLC/Analog_Input.o
                0x0000000008000c7c                STM32_PLC_Analog_Input_Set_Gain
 .text.STM32_PLC_Analog_Input_ADC_Get_Raw
                0x0000000008000dc8       0x7c ./Core/Src/STM32 PLC/Analog_Input.o
                0x0000000008000dc8                STM32_PLC_Analog_Input_ADC_Get_Raw
 .text.STM32_PLC_Analog_Input_DADC_Get_Raw
                0x0000000008000e44       0x40 ./Core/Src/STM32 PLC/Analog_Input.o
                0x0000000008000e44                STM32_PLC_Analog_Input_DADC_Get_Raw
 .text.STM32_PLC_Analog_Output
                0x0000000008000e84       0x48 ./Core/Src/STM32 PLC/Analog_Output.o
                0x0000000008000e84                STM32_PLC_Analog_Output
 .text.STM32_PLC_Analog_Output_Set
                0x0000000008000ecc       0x38 ./Core/Src/STM32 PLC/Analog_Output.o
                0x0000000008000ecc                STM32_PLC_Analog_Output_Set
 .text.STM32_PLC_Analog_Output_Reset
                0x0000000008000f04       0x1e ./Core/Src/STM32 PLC/Analog_Output.o
                0x0000000008000f04                STM32_PLC_Analog_Output_Reset
 *fill*         0x0000000008000f22        0x2 
 .text.STM32_PLC_CAN
                0x0000000008000f24       0x58 ./Core/Src/STM32 PLC/CAN.o
                0x0000000008000f24                STM32_PLC_CAN
 .text.STM32_PLC_CAN_Transmit
                0x0000000008000f7c       0x18 ./Core/Src/STM32 PLC/CAN.o
                0x0000000008000f7c                STM32_PLC_CAN_Transmit
 .text.HAL_CAN_RxFifo0MsgPendingCallback
                0x0000000008000f94       0x80 ./Core/Src/STM32 PLC/CAN.o
                0x0000000008000f94                HAL_CAN_RxFifo0MsgPendingCallback
 .text.STM32_PLC_Digital_Input_Get
                0x0000000008001014       0x60 ./Core/Src/STM32 PLC/Digital_Input.o
                0x0000000008001014                STM32_PLC_Digital_Input_Get
 .text.STM32_PLC_Encoder
                0x0000000008001074       0x34 ./Core/Src/STM32 PLC/Encoder.o
                0x0000000008001074                STM32_PLC_Encoder
 .text.STM32_PLC_Encoder_Get_Raw
                0x00000000080010a8       0x1c ./Core/Src/STM32 PLC/Encoder.o
                0x00000000080010a8                STM32_PLC_Encoder_Get_Raw
 .text.read_flash.constprop.0
                0x00000000080010c4       0x1c ./Core/Src/STM32 PLC/Flash.o
 .text.write_flash
                0x00000000080010e0       0x68 ./Core/Src/STM32 PLC/Flash.o
 .text.STM32_PLC_Flash_Set_ADC_Gain_For_Configuration_Index_0
                0x0000000008001148       0x20 ./Core/Src/STM32 PLC/Flash.o
                0x0000000008001148                STM32_PLC_Flash_Set_ADC_Gain_For_Configuration_Index_0
 .text.STM32_PLC_Flash_Set_ADC_Gain_For_Configuration_Index_1
                0x0000000008001168       0x20 ./Core/Src/STM32 PLC/Flash.o
                0x0000000008001168                STM32_PLC_Flash_Set_ADC_Gain_For_Configuration_Index_1
 .text.STM32_PLC_Flash_Set_ADC_Gain_For_Configuration_Index_2
                0x0000000008001188       0x20 ./Core/Src/STM32 PLC/Flash.o
                0x0000000008001188                STM32_PLC_Flash_Set_ADC_Gain_For_Configuration_Index_2
 .text.STM32_PLC_Flash_Set_PWM_Prescaler_For_PWM_0_3
                0x00000000080011a8        0x6 ./Core/Src/STM32 PLC/Flash.o
                0x00000000080011a8                STM32_PLC_Flash_Set_PWM_Prescaler_For_PWM_0_3
 .text.STM32_PLC_Flash_Set_PWM_Prescaler_For_PWM_4_7
                0x00000000080011ae        0x6 ./Core/Src/STM32 PLC/Flash.o
                0x00000000080011ae                STM32_PLC_Flash_Set_PWM_Prescaler_For_PWM_4_7
 .text.STM32_PLC_Flash_Get_ADC_Gains_For_SDADC_1
                0x00000000080011b4       0x26 ./Core/Src/STM32 PLC/Flash.o
                0x00000000080011b4                STM32_PLC_Flash_Get_ADC_Gains_For_SDADC_1
 .text.STM32_PLC_Flash_Get_ADC_Gains_For_SDADC_2
                0x00000000080011da       0x26 ./Core/Src/STM32 PLC/Flash.o
                0x00000000080011da                STM32_PLC_Flash_Get_ADC_Gains_For_SDADC_2
 .text.STM32_PLC_Flash_Get_ADC_Gains_For_SDADC_3
                0x0000000008001200       0x26 ./Core/Src/STM32 PLC/Flash.o
                0x0000000008001200                STM32_PLC_Flash_Get_ADC_Gains_For_SDADC_3
 .text.STM32_PLC_Flash_Get_PWM_Prescalers
                0x0000000008001226       0x1e ./Core/Src/STM32 PLC/Flash.o
                0x0000000008001226                STM32_PLC_Flash_Get_PWM_Prescalers
 .text.compute_period
                0x0000000008001244       0x40 ./Core/Src/STM32 PLC/Input_Capture.o
 .text.STM32_PLC_Input_Capture
                0x0000000008001284       0x44 ./Core/Src/STM32 PLC/Input_Capture.o
                0x0000000008001284                STM32_PLC_Input_Capture
 .text.STM32_PLC_Input_Capture_Get_Raw
                0x00000000080012c8       0x34 ./Core/Src/STM32 PLC/Input_Capture.o
                0x00000000080012c8                STM32_PLC_Input_Capture_Get_Raw
 .text.STM32_PLC_LED
                0x00000000080012fc       0x4c ./Core/Src/STM32 PLC/LED.o
                0x00000000080012fc                STM32_PLC_LED
 .text.STM32_PLC_PWM
                0x0000000008001348       0x88 ./Core/Src/STM32 PLC/PWM.o
                0x0000000008001348                STM32_PLC_PWM
 .text.STM32_PLC_PWM_Set
                0x00000000080013d0       0x8c ./Core/Src/STM32 PLC/PWM.o
                0x00000000080013d0                STM32_PLC_PWM_Set
 .text.STM32_PLC_PWM_Reset
                0x000000000800145c       0x14 ./Core/Src/STM32 PLC/PWM.o
                0x000000000800145c                STM32_PLC_PWM_Reset
 .text.STM32_PLC_PWM0_To_PWM3_Set_Prescaler
                0x0000000008001470       0x14 ./Core/Src/STM32 PLC/PWM.o
                0x0000000008001470                STM32_PLC_PWM0_To_PWM3_Set_Prescaler
 .text.STM32_PLC_PWM4_To_PWM7_Set_Prescaler
                0x0000000008001484       0x14 ./Core/Src/STM32 PLC/PWM.o
                0x0000000008001484                STM32_PLC_PWM4_To_PWM7_Set_Prescaler
 .text.CDC_ReceiveCallback
                0x0000000008001498      0x28e ./Core/Src/STM32 PLC/USB.o
                0x0000000008001498                CDC_ReceiveCallback
 *fill*         0x0000000008001726        0x2 
 .text.HAL_TIM_PeriodElapsedCallback
                0x0000000008001728       0x14 ./Core/Src/main.o
                0x0000000008001728                HAL_TIM_PeriodElapsedCallback
 .text.Error_Handler
                0x000000000800173c       0x22 ./Core/Src/main.o
                0x000000000800173c                Error_Handler
 .text.SystemClock_Config
                0x000000000800175e       0x98 ./Core/Src/main.o
                0x000000000800175e                SystemClock_Config
 *fill*         0x00000000080017f6        0x2 
 .text.startup.main
                0x00000000080017f8      0xa5c ./Core/Src/main.o
                0x00000000080017f8                main
 .text.HAL_MspInit
                0x0000000008002254       0x30 ./Core/Src/stm32f3xx_hal_msp.o
                0x0000000008002254                HAL_MspInit
 .text.HAL_CAN_MspInit
                0x0000000008002284       0x74 ./Core/Src/stm32f3xx_hal_msp.o
                0x0000000008002284                HAL_CAN_MspInit
 .text.HAL_DAC_MspInit
                0x00000000080022f8       0x94 ./Core/Src/stm32f3xx_hal_msp.o
                0x00000000080022f8                HAL_DAC_MspInit
 .text.HAL_SDADC_MspInit
                0x000000000800238c      0x1ac ./Core/Src/stm32f3xx_hal_msp.o
                0x000000000800238c                HAL_SDADC_MspInit
 .text.HAL_TIM_Base_MspInit
                0x0000000008002538      0x1a4 ./Core/Src/stm32f3xx_hal_msp.o
                0x0000000008002538                HAL_TIM_Base_MspInit
 .text.HAL_TIM_Encoder_MspInit
                0x00000000080026dc       0xa8 ./Core/Src/stm32f3xx_hal_msp.o
                0x00000000080026dc                HAL_TIM_Encoder_MspInit
 .text.HAL_TIM_MspPostInit
                0x0000000008002784       0x80 ./Core/Src/stm32f3xx_hal_msp.o
                0x0000000008002784                HAL_TIM_MspPostInit
 .text.HAL_InitTick
                0x0000000008002804       0x78 ./Core/Src/stm32f3xx_hal_timebase_tim.o
                0x0000000008002804                HAL_InitTick
 .text.NMI_Handler
                0x000000000800287c        0x2 ./Core/Src/stm32f3xx_it.o
                0x000000000800287c                NMI_Handler
 .text.HardFault_Handler
                0x000000000800287e        0x2 ./Core/Src/stm32f3xx_it.o
                0x000000000800287e                HardFault_Handler
 .text.MemManage_Handler
                0x0000000008002880        0x2 ./Core/Src/stm32f3xx_it.o
                0x0000000008002880                MemManage_Handler
 .text.BusFault_Handler
                0x0000000008002882        0x2 ./Core/Src/stm32f3xx_it.o
                0x0000000008002882                BusFault_Handler
 .text.UsageFault_Handler
                0x0000000008002884        0x2 ./Core/Src/stm32f3xx_it.o
                0x0000000008002884                UsageFault_Handler
 .text.SVC_Handler
                0x0000000008002886        0x2 ./Core/Src/stm32f3xx_it.o
                0x0000000008002886                SVC_Handler
 .text.DebugMon_Handler
                0x0000000008002888        0x2 ./Core/Src/stm32f3xx_it.o
                0x0000000008002888                DebugMon_Handler
 .text.PendSV_Handler
                0x000000000800288a        0x2 ./Core/Src/stm32f3xx_it.o
                0x000000000800288a                PendSV_Handler
 .text.SysTick_Handler
                0x000000000800288c        0x2 ./Core/Src/stm32f3xx_it.o
                0x000000000800288c                SysTick_Handler
 *fill*         0x000000000800288e        0x2 
 .text.DMA1_Channel1_IRQHandler
                0x0000000008002890        0xc ./Core/Src/stm32f3xx_it.o
                0x0000000008002890                DMA1_Channel1_IRQHandler
 .text.DMA1_Channel3_IRQHandler
                0x000000000800289c        0xc ./Core/Src/stm32f3xx_it.o
                0x000000000800289c                DMA1_Channel3_IRQHandler
 .text.CAN_RX0_IRQHandler
                0x00000000080028a8        0xc ./Core/Src/stm32f3xx_it.o
                0x00000000080028a8                CAN_RX0_IRQHandler
 .text.TIM7_IRQHandler
                0x00000000080028b4        0xc ./Core/Src/stm32f3xx_it.o
                0x00000000080028b4                TIM7_IRQHandler
 .text.DMA2_Channel3_IRQHandler
                0x00000000080028c0        0xc ./Core/Src/stm32f3xx_it.o
                0x00000000080028c0                DMA2_Channel3_IRQHandler
 .text.DMA2_Channel4_IRQHandler
                0x00000000080028cc        0xc ./Core/Src/stm32f3xx_it.o
                0x00000000080028cc                DMA2_Channel4_IRQHandler
 .text.DMA2_Channel5_IRQHandler
                0x00000000080028d8        0xc ./Core/Src/stm32f3xx_it.o
                0x00000000080028d8                DMA2_Channel5_IRQHandler
 .text.USB_LP_IRQHandler
                0x00000000080028e4        0xc ./Core/Src/stm32f3xx_it.o
                0x00000000080028e4                USB_LP_IRQHandler
 .text._getpid  0x00000000080028f0        0x4 ./Core/Src/syscalls.o
                0x00000000080028f0                _getpid
 .text._kill    0x00000000080028f4       0x10 ./Core/Src/syscalls.o
                0x00000000080028f4                _kill
 .text._exit    0x0000000008002904        0xc ./Core/Src/syscalls.o
                0x0000000008002904                _exit
 .text._read    0x0000000008002910       0x1c ./Core/Src/syscalls.o
                0x0000000008002910                _read
 .text._write   0x000000000800292c       0x1c ./Core/Src/syscalls.o
                0x000000000800292c                _write
 .text._close   0x0000000008002948        0x6 ./Core/Src/syscalls.o
                0x0000000008002948                _close
 .text._fstat   0x000000000800294e        0xa ./Core/Src/syscalls.o
                0x000000000800294e                _fstat
 .text._isatty  0x0000000008002958        0x4 ./Core/Src/syscalls.o
                0x0000000008002958                _isatty
 .text._lseek   0x000000000800295c        0x4 ./Core/Src/syscalls.o
                0x000000000800295c                _lseek
 .text._sbrk    0x0000000008002960       0x40 ./Core/Src/sysmem.o
                0x0000000008002960                _sbrk
 .text.SystemInit
                0x00000000080029a0       0x14 ./Core/Src/system_stm32f3xx.o
                0x00000000080029a0                SystemInit
 .text.Reset_Handler
                0x00000000080029b4       0x50 ./Core/Startup/startup_stm32f373vbtx.o
                0x00000000080029b4                Reset_Handler
 .text.Default_Handler
                0x0000000008002a04        0x2 ./Core/Startup/startup_stm32f373vbtx.o
                0x0000000008002a04                RTC_Alarm_IRQHandler
                0x0000000008002a04                USB_HP_IRQHandler
                0x0000000008002a04                PVD_IRQHandler
                0x0000000008002a04                TAMP_STAMP_IRQHandler
                0x0000000008002a04                EXTI3_IRQHandler
                0x0000000008002a04                EXTI0_IRQHandler
                0x0000000008002a04                I2C2_EV_IRQHandler
                0x0000000008002a04                FPU_IRQHandler
                0x0000000008002a04                CAN_TX_IRQHandler
                0x0000000008002a04                SPI1_IRQHandler
                0x0000000008002a04                CAN_SCE_IRQHandler
                0x0000000008002a04                DMA2_Channel2_IRQHandler
                0x0000000008002a04                DMA1_Channel4_IRQHandler
                0x0000000008002a04                ADC1_IRQHandler
                0x0000000008002a04                TIM17_IRQHandler
                0x0000000008002a04                USART3_IRQHandler
                0x0000000008002a04                DMA1_Channel7_IRQHandler
                0x0000000008002a04                TIM4_IRQHandler
                0x0000000008002a04                CAN_RX1_IRQHandler
                0x0000000008002a04                DMA2_Channel1_IRQHandler
                0x0000000008002a04                I2C1_EV_IRQHandler
                0x0000000008002a04                DMA1_Channel6_IRQHandler
                0x0000000008002a04                TIM16_IRQHandler
                0x0000000008002a04                TIM3_IRQHandler
                0x0000000008002a04                RCC_IRQHandler
                0x0000000008002a04                Default_Handler
                0x0000000008002a04                CEC_IRQHandler
                0x0000000008002a04                EXTI15_10_IRQHandler
                0x0000000008002a04                TIM14_IRQHandler
                0x0000000008002a04                TIM13_IRQHandler
                0x0000000008002a04                TIM12_IRQHandler
                0x0000000008002a04                TIM5_IRQHandler
                0x0000000008002a04                SDADC2_IRQHandler
                0x0000000008002a04                TIM15_IRQHandler
                0x0000000008002a04                TIM6_DAC1_IRQHandler
                0x0000000008002a04                EXTI9_5_IRQHandler
                0x0000000008002a04                RTC_WKUP_IRQHandler
                0x0000000008002a04                SPI2_IRQHandler
                0x0000000008002a04                DMA1_Channel5_IRQHandler
                0x0000000008002a04                EXTI4_IRQHandler
                0x0000000008002a04                COMP1_2_IRQHandler
                0x0000000008002a04                TIM18_DAC2_IRQHandler
                0x0000000008002a04                WWDG_IRQHandler
                0x0000000008002a04                SDADC1_IRQHandler
                0x0000000008002a04                TIM2_IRQHandler
                0x0000000008002a04                EXTI1_IRQHandler
                0x0000000008002a04                SDADC3_IRQHandler
                0x0000000008002a04                USART2_IRQHandler
                0x0000000008002a04                TIM19_IRQHandler
                0x0000000008002a04                I2C2_ER_IRQHandler
                0x0000000008002a04                DMA1_Channel2_IRQHandler
                0x0000000008002a04                FLASH_IRQHandler
                0x0000000008002a04                USART1_IRQHandler
                0x0000000008002a04                SPI3_IRQHandler
                0x0000000008002a04                I2C1_ER_IRQHandler
                0x0000000008002a04                USBWakeUp_IRQHandler
                0x0000000008002a04                EXTI2_TSC_IRQHandler
 *fill*         0x0000000008002a06        0x2 
 .text.HAL_Init
                0x0000000008002a08       0x24 ./Drivers/STM32F3xx_HAL_Driver/Src/stm32f3xx_hal.o
                0x0000000008002a08                HAL_Init
 .text.HAL_IncTick
                0x0000000008002a2c       0x18 ./Drivers/STM32F3xx_HAL_Driver/Src/stm32f3xx_hal.o
                0x0000000008002a2c                HAL_IncTick
 .text.HAL_GetTick
                0x0000000008002a44        0xc ./Drivers/STM32F3xx_HAL_Driver/Src/stm32f3xx_hal.o
                0x0000000008002a44                HAL_GetTick
 .text.HAL_Delay
                0x0000000008002a50       0x28 ./Drivers/STM32F3xx_HAL_Driver/Src/stm32f3xx_hal.o
                0x0000000008002a50                HAL_Delay
 .text.HAL_CAN_Init
                0x0000000008002a78       0xf6 ./Drivers/STM32F3xx_HAL_Driver/Src/stm32f3xx_hal_can.o
                0x0000000008002a78                HAL_CAN_Init
 .text.HAL_CAN_ConfigFilter
                0x0000000008002b6e       0xde ./Drivers/STM32F3xx_HAL_Driver/Src/stm32f3xx_hal_can.o
                0x0000000008002b6e                HAL_CAN_ConfigFilter
 .text.HAL_CAN_Start
                0x0000000008002c4c       0x5c ./Drivers/STM32F3xx_HAL_Driver/Src/stm32f3xx_hal_can.o
                0x0000000008002c4c                HAL_CAN_Start
 .text.HAL_CAN_AddTxMessage
                0x0000000008002ca8       0xa0 ./Drivers/STM32F3xx_HAL_Driver/Src/stm32f3xx_hal_can.o
                0x0000000008002ca8                HAL_CAN_AddTxMessage
 .text.HAL_CAN_GetRxMessage
                0x0000000008002d48       0xee ./Drivers/STM32F3xx_HAL_Driver/Src/stm32f3xx_hal_can.o
                0x0000000008002d48                HAL_CAN_GetRxMessage
 .text.HAL_CAN_ActivateNotification
                0x0000000008002e36       0x22 ./Drivers/STM32F3xx_HAL_Driver/Src/stm32f3xx_hal_can.o
                0x0000000008002e36                HAL_CAN_ActivateNotification
 .text.HAL_CAN_TxMailbox0CompleteCallback
                0x0000000008002e58        0x2 ./Drivers/STM32F3xx_HAL_Driver/Src/stm32f3xx_hal_can.o
                0x0000000008002e58                HAL_CAN_TxMailbox0CompleteCallback
 .text.HAL_CAN_TxMailbox1CompleteCallback
                0x0000000008002e5a        0x2 ./Drivers/STM32F3xx_HAL_Driver/Src/stm32f3xx_hal_can.o
                0x0000000008002e5a                HAL_CAN_TxMailbox1CompleteCallback
 .text.HAL_CAN_TxMailbox2CompleteCallback
                0x0000000008002e5c        0x2 ./Drivers/STM32F3xx_HAL_Driver/Src/stm32f3xx_hal_can.o
                0x0000000008002e5c                HAL_CAN_TxMailbox2CompleteCallback
 .text.HAL_CAN_TxMailbox0AbortCallback
                0x0000000008002e5e        0x2 ./Drivers/STM32F3xx_HAL_Driver/Src/stm32f3xx_hal_can.o
                0x0000000008002e5e                HAL_CAN_TxMailbox0AbortCallback
 .text.HAL_CAN_TxMailbox1AbortCallback
                0x0000000008002e60        0x2 ./Drivers/STM32F3xx_HAL_Driver/Src/stm32f3xx_hal_can.o
                0x0000000008002e60                HAL_CAN_TxMailbox1AbortCallback
 .text.HAL_CAN_TxMailbox2AbortCallback
                0x0000000008002e62        0x2 ./Drivers/STM32F3xx_HAL_Driver/Src/stm32f3xx_hal_can.o
                0x0000000008002e62                HAL_CAN_TxMailbox2AbortCallback
 .text.HAL_CAN_RxFifo0FullCallback
                0x0000000008002e64        0x2 ./Drivers/STM32F3xx_HAL_Driver/Src/stm32f3xx_hal_can.o
                0x0000000008002e64                HAL_CAN_RxFifo0FullCallback
 .text.HAL_CAN_RxFifo1MsgPendingCallback
                0x0000000008002e66        0x2 ./Drivers/STM32F3xx_HAL_Driver/Src/stm32f3xx_hal_can.o
                0x0000000008002e66                HAL_CAN_RxFifo1MsgPendingCallback
 .text.HAL_CAN_RxFifo1FullCallback
                0x0000000008002e68        0x2 ./Drivers/STM32F3xx_HAL_Driver/Src/stm32f3xx_hal_can.o
                0x0000000008002e68                HAL_CAN_RxFifo1FullCallback
 .text.HAL_CAN_SleepCallback
                0x0000000008002e6a        0x2 ./Drivers/STM32F3xx_HAL_Driver/Src/stm32f3xx_hal_can.o
                0x0000000008002e6a                HAL_CAN_SleepCallback
 .text.HAL_CAN_WakeUpFromRxMsgCallback
                0x0000000008002e6c        0x2 ./Drivers/STM32F3xx_HAL_Driver/Src/stm32f3xx_hal_can.o
                0x0000000008002e6c                HAL_CAN_WakeUpFromRxMsgCallback
 .text.HAL_CAN_ErrorCallback
                0x0000000008002e6e        0x2 ./Drivers/STM32F3xx_HAL_Driver/Src/stm32f3xx_hal_can.o
                0x0000000008002e6e                HAL_CAN_ErrorCallback
 .text.HAL_CAN_IRQHandler
                0x0000000008002e70      0x1fc ./Drivers/STM32F3xx_HAL_Driver/Src/stm32f3xx_hal_can.o
                0x0000000008002e70                HAL_CAN_IRQHandler
 .text.HAL_NVIC_SetPriorityGrouping
                0x000000000800306c       0x24 ./Drivers/STM32F3xx_HAL_Driver/Src/stm32f3xx_hal_cortex.o
                0x000000000800306c                HAL_NVIC_SetPriorityGrouping
 .text.HAL_NVIC_SetPriority
                0x0000000008003090       0x64 ./Drivers/STM32F3xx_HAL_Driver/Src/stm32f3xx_hal_cortex.o
                0x0000000008003090                HAL_NVIC_SetPriority
 .text.HAL_NVIC_EnableIRQ
                0x00000000080030f4       0x1c ./Drivers/STM32F3xx_HAL_Driver/Src/stm32f3xx_hal_cortex.o
                0x00000000080030f4                HAL_NVIC_EnableIRQ
 .text.HAL_DAC_Init
                0x0000000008003110       0x26 ./Drivers/STM32F3xx_HAL_Driver/Src/stm32f3xx_hal_dac.o
                0x0000000008003110                HAL_DAC_Init
 .text.HAL_DAC_SetValue
                0x0000000008003136       0x24 ./Drivers/STM32F3xx_HAL_Driver/Src/stm32f3xx_hal_dac_ex.o
                0x0000000008003136                HAL_DAC_SetValue
 .text.HAL_DAC_Start
                0x000000000800315a       0x4c ./Drivers/STM32F3xx_HAL_Driver/Src/stm32f3xx_hal_dac_ex.o
                0x000000000800315a                HAL_DAC_Start
 .text.HAL_DAC_ConfigChannel
                0x00000000080031a6       0x42 ./Drivers/STM32F3xx_HAL_Driver/Src/stm32f3xx_hal_dac_ex.o
                0x00000000080031a6                HAL_DAC_ConfigChannel
 .text.DMA_CalcBaseAndBitshift
                0x00000000080031e8       0x44 ./Drivers/STM32F3xx_HAL_Driver/Src/stm32f3xx_hal_dma.o
 .text.HAL_DMA_Init
                0x000000000800322c       0x4a ./Drivers/STM32F3xx_HAL_Driver/Src/stm32f3xx_hal_dma.o
                0x000000000800322c                HAL_DMA_Init
 .text.HAL_DMA_Start_IT
                0x0000000008003276       0x78 ./Drivers/STM32F3xx_HAL_Driver/Src/stm32f3xx_hal_dma.o
                0x0000000008003276                HAL_DMA_Start_IT
 .text.HAL_DMA_Abort
                0x00000000080032ee       0x3c ./Drivers/STM32F3xx_HAL_Driver/Src/stm32f3xx_hal_dma.o
                0x00000000080032ee                HAL_DMA_Abort
 .text.HAL_DMA_IRQHandler
                0x000000000800332a       0x8c ./Drivers/STM32F3xx_HAL_Driver/Src/stm32f3xx_hal_dma.o
                0x000000000800332a                HAL_DMA_IRQHandler
 *fill*         0x00000000080033b6        0x2 
 .text.FLASH_SetErrorCode
                0x00000000080033b8       0x38 ./Drivers/STM32F3xx_HAL_Driver/Src/stm32f3xx_hal_flash.o
 .text.HAL_FLASH_Unlock
                0x00000000080033f0       0x24 ./Drivers/STM32F3xx_HAL_Driver/Src/stm32f3xx_hal_flash.o
                0x00000000080033f0                HAL_FLASH_Unlock
 .text.HAL_FLASH_Lock
                0x0000000008003414       0x14 ./Drivers/STM32F3xx_HAL_Driver/Src/stm32f3xx_hal_flash.o
                0x0000000008003414                HAL_FLASH_Lock
 .text.FLASH_WaitForLastOperation
                0x0000000008003428       0x4c ./Drivers/STM32F3xx_HAL_Driver/Src/stm32f3xx_hal_flash.o
                0x0000000008003428                FLASH_WaitForLastOperation
 .text.HAL_FLASH_Program
                0x0000000008003474       0xa0 ./Drivers/STM32F3xx_HAL_Driver/Src/stm32f3xx_hal_flash.o
                0x0000000008003474                HAL_FLASH_Program
 .text.FLASH_MassErase
                0x0000000008003514       0x24 ./Drivers/STM32F3xx_HAL_Driver/Src/stm32f3xx_hal_flash_ex.o
 .text.FLASH_PageErase
                0x0000000008003538       0x24 ./Drivers/STM32F3xx_HAL_Driver/Src/stm32f3xx_hal_flash_ex.o
                0x0000000008003538                FLASH_PageErase
 .text.HAL_FLASHEx_Erase
                0x000000000800355c       0x9c ./Drivers/STM32F3xx_HAL_Driver/Src/stm32f3xx_hal_flash_ex.o
                0x000000000800355c                HAL_FLASHEx_Erase
 .text.HAL_GPIO_Init
                0x00000000080035f8      0x188 ./Drivers/STM32F3xx_HAL_Driver/Src/stm32f3xx_hal_gpio.o
                0x00000000080035f8                HAL_GPIO_Init
 .text.HAL_GPIO_ReadPin
                0x0000000008003780        0xc ./Drivers/STM32F3xx_HAL_Driver/Src/stm32f3xx_hal_gpio.o
                0x0000000008003780                HAL_GPIO_ReadPin
 .text.HAL_GPIO_WritePin
                0x000000000800378c        0xa ./Drivers/STM32F3xx_HAL_Driver/Src/stm32f3xx_hal_gpio.o
                0x000000000800378c                HAL_GPIO_WritePin
 .text.HAL_PCD_Init
                0x0000000008003796       0xae ./Drivers/STM32F3xx_HAL_Driver/Src/stm32f3xx_hal_pcd.o
                0x0000000008003796                HAL_PCD_Init
 .text.HAL_PCD_Start
                0x0000000008003844       0x32 ./Drivers/STM32F3xx_HAL_Driver/Src/stm32f3xx_hal_pcd.o
                0x0000000008003844                HAL_PCD_Start
 .text.HAL_PCD_SetAddress
                0x0000000008003876       0x28 ./Drivers/STM32F3xx_HAL_Driver/Src/stm32f3xx_hal_pcd.o
                0x0000000008003876                HAL_PCD_SetAddress
 *fill*         0x000000000800389e        0x2 
 .text.HAL_PCD_IRQHandler
                0x00000000080038a0      0x994 ./Drivers/STM32F3xx_HAL_Driver/Src/stm32f3xx_hal_pcd.o
                0x00000000080038a0                HAL_PCD_IRQHandler
 .text.HAL_PCD_EP_Open
                0x0000000008004234       0x6c ./Drivers/STM32F3xx_HAL_Driver/Src/stm32f3xx_hal_pcd.o
                0x0000000008004234                HAL_PCD_EP_Open
 .text.HAL_PCD_EP_Close
                0x00000000080042a0       0x5a ./Drivers/STM32F3xx_HAL_Driver/Src/stm32f3xx_hal_pcd.o
                0x00000000080042a0                HAL_PCD_EP_Close
 .text.HAL_PCD_EP_Receive
                0x00000000080042fa       0x2c ./Drivers/STM32F3xx_HAL_Driver/Src/stm32f3xx_hal_pcd.o
                0x00000000080042fa                HAL_PCD_EP_Receive
 .text.HAL_PCD_EP_GetRxCount
                0x0000000008004326       0x10 ./Drivers/STM32F3xx_HAL_Driver/Src/stm32f3xx_hal_pcd.o
                0x0000000008004326                HAL_PCD_EP_GetRxCount
 .text.HAL_PCD_EP_Transmit
                0x0000000008004336       0x40 ./Drivers/STM32F3xx_HAL_Driver/Src/stm32f3xx_hal_pcd.o
                0x0000000008004336                HAL_PCD_EP_Transmit
 .text.HAL_PCD_EP_SetStall
                0x0000000008004376       0x64 ./Drivers/STM32F3xx_HAL_Driver/Src/stm32f3xx_hal_pcd.o
                0x0000000008004376                HAL_PCD_EP_SetStall
 .text.HAL_PCD_EP_ClrStall
                0x00000000080043da       0x6c ./Drivers/STM32F3xx_HAL_Driver/Src/stm32f3xx_hal_pcd.o
                0x00000000080043da                HAL_PCD_EP_ClrStall
 .text.HAL_PCDEx_PMAConfig
                0x0000000008004446       0x34 ./Drivers/STM32F3xx_HAL_Driver/Src/stm32f3xx_hal_pcd_ex.o
                0x0000000008004446                HAL_PCDEx_PMAConfig
 *fill*         0x000000000800447a        0x2 
 .text.HAL_PWREx_EnableSDADC
                0x000000000800447c       0x2c ./Drivers/STM32F3xx_HAL_Driver/Src/stm32f3xx_hal_pwr_ex.o
                0x000000000800447c                HAL_PWREx_EnableSDADC
 .text.HAL_RCC_OscConfig
                0x00000000080044a8      0x504 ./Drivers/STM32F3xx_HAL_Driver/Src/stm32f3xx_hal_rcc.o
                0x00000000080044a8                HAL_RCC_OscConfig
 .text.HAL_RCC_GetSysClockFreq
                0x00000000080049ac       0x64 ./Drivers/STM32F3xx_HAL_Driver/Src/stm32f3xx_hal_rcc.o
                0x00000000080049ac                HAL_RCC_GetSysClockFreq
 .text.HAL_RCC_ClockConfig
                0x0000000008004a10      0x158 ./Drivers/STM32F3xx_HAL_Driver/Src/stm32f3xx_hal_rcc.o
                0x0000000008004a10                HAL_RCC_ClockConfig
 .text.HAL_RCC_GetPCLK1Freq
                0x0000000008004b68       0x30 ./Drivers/STM32F3xx_HAL_Driver/Src/stm32f3xx_hal_rcc.o
                0x0000000008004b68                HAL_RCC_GetPCLK1Freq
 .text.HAL_RCC_GetClockConfig
                0x0000000008004b98       0x3c ./Drivers/STM32F3xx_HAL_Driver/Src/stm32f3xx_hal_rcc.o
                0x0000000008004b98                HAL_RCC_GetClockConfig
 .text.HAL_RCCEx_PeriphCLKConfig
                0x0000000008004bd4      0x1bc ./Drivers/STM32F3xx_HAL_Driver/Src/stm32f3xx_hal_rcc_ex.o
                0x0000000008004bd4                HAL_RCCEx_PeriphCLKConfig
 .text.SDADC_EnterInitMode
                0x0000000008004d90       0x2e ./Drivers/STM32F3xx_HAL_Driver/Src/stm32f3xx_hal_sdadc.o
 .text.SDADC_ExitInitMode.isra.0
                0x0000000008004dbe        0xa ./Drivers/STM32F3xx_HAL_Driver/Src/stm32f3xx_hal_sdadc.o
 .text.SDADC_InjConvStop
                0x0000000008004dc8       0x9c ./Drivers/STM32F3xx_HAL_Driver/Src/stm32f3xx_hal_sdadc.o
 .text.SDADC_InjConvStart
                0x0000000008004e64       0x5a ./Drivers/STM32F3xx_HAL_Driver/Src/stm32f3xx_hal_sdadc.o
 *fill*         0x0000000008004ebe        0x2 
 .text.HAL_SDADC_Init
                0x0000000008004ec0       0x90 ./Drivers/STM32F3xx_HAL_Driver/Src/stm32f3xx_hal_sdadc.o
                0x0000000008004ec0                HAL_SDADC_Init
 .text.HAL_SDADC_PrepareChannelConfig
                0x0000000008004f50       0x44 ./Drivers/STM32F3xx_HAL_Driver/Src/stm32f3xx_hal_sdadc.o
                0x0000000008004f50                HAL_SDADC_PrepareChannelConfig
 .text.HAL_SDADC_AssociateChannelConfig
                0x0000000008004f94       0x5c ./Drivers/STM32F3xx_HAL_Driver/Src/stm32f3xx_hal_sdadc.o
                0x0000000008004f94                HAL_SDADC_AssociateChannelConfig
 .text.HAL_SDADC_InjectedConfigChannel
                0x0000000008004ff0       0x42 ./Drivers/STM32F3xx_HAL_Driver/Src/stm32f3xx_hal_sdadc.o
                0x0000000008004ff0                HAL_SDADC_InjectedConfigChannel
 *fill*         0x0000000008005032        0x2 
 .text.HAL_SDADC_SelectInjectedTrigger
                0x0000000008005034       0x24 ./Drivers/STM32F3xx_HAL_Driver/Src/stm32f3xx_hal_sdadc.o
                0x0000000008005034                HAL_SDADC_SelectInjectedTrigger
 .text.HAL_SDADC_SelectInjectedExtTrigger
                0x0000000008005058       0x40 ./Drivers/STM32F3xx_HAL_Driver/Src/stm32f3xx_hal_sdadc.o
                0x0000000008005058                HAL_SDADC_SelectInjectedExtTrigger
 .text.HAL_SDADC_SelectInjectedDelay
                0x0000000008005098       0x3c ./Drivers/STM32F3xx_HAL_Driver/Src/stm32f3xx_hal_sdadc.o
                0x0000000008005098                HAL_SDADC_SelectInjectedDelay
 .text.HAL_SDADC_CalibrationStart
                0x00000000080050d4       0x4c ./Drivers/STM32F3xx_HAL_Driver/Src/stm32f3xx_hal_sdadc.o
                0x00000000080050d4                HAL_SDADC_CalibrationStart
 .text.HAL_SDADC_PollForCalibEvent
                0x0000000008005120       0x48 ./Drivers/STM32F3xx_HAL_Driver/Src/stm32f3xx_hal_sdadc.o
                0x0000000008005120                HAL_SDADC_PollForCalibEvent
 .text.HAL_SDADC_InjectedStart_DMA
                0x0000000008005168       0x7c ./Drivers/STM32F3xx_HAL_Driver/Src/stm32f3xx_hal_sdadc.o
                0x0000000008005168                HAL_SDADC_InjectedStart_DMA
 .text.HAL_SDADC_InjectedStop_DMA
                0x00000000080051e4       0x34 ./Drivers/STM32F3xx_HAL_Driver/Src/stm32f3xx_hal_sdadc.o
                0x00000000080051e4                HAL_SDADC_InjectedStop_DMA
 .text.HAL_SDADC_InjectedConvHalfCpltCallback
                0x0000000008005218        0x2 ./Drivers/STM32F3xx_HAL_Driver/Src/stm32f3xx_hal_sdadc.o
                0x0000000008005218                HAL_SDADC_InjectedConvHalfCpltCallback
 .text.SDADC_DMAInjectedHalfConvCplt
                0x000000000800521a        0xa ./Drivers/STM32F3xx_HAL_Driver/Src/stm32f3xx_hal_sdadc.o
 .text.HAL_SDADC_InjectedConvCpltCallback
                0x0000000008005224        0x2 ./Drivers/STM32F3xx_HAL_Driver/Src/stm32f3xx_hal_sdadc.o
                0x0000000008005224                HAL_SDADC_InjectedConvCpltCallback
 .text.SDADC_DMAInjectedConvCplt
                0x0000000008005226        0xa ./Drivers/STM32F3xx_HAL_Driver/Src/stm32f3xx_hal_sdadc.o
 .text.HAL_SDADC_ErrorCallback
                0x0000000008005230        0x2 ./Drivers/STM32F3xx_HAL_Driver/Src/stm32f3xx_hal_sdadc.o
                0x0000000008005230                HAL_SDADC_ErrorCallback
 .text.SDADC_DMAError
                0x0000000008005232        0xe ./Drivers/STM32F3xx_HAL_Driver/Src/stm32f3xx_hal_sdadc.o
 .text.TIM_OC1_SetConfig
                0x0000000008005240       0x74 ./Drivers/STM32F3xx_HAL_Driver/Src/stm32f3xx_hal_tim.o
 .text.HAL_TIM_Base_Start
                0x00000000080052b4       0x64 ./Drivers/STM32F3xx_HAL_Driver/Src/stm32f3xx_hal_tim.o
                0x00000000080052b4                HAL_TIM_Base_Start
 .text.HAL_TIM_Base_Start_IT
                0x0000000008005318       0x6c ./Drivers/STM32F3xx_HAL_Driver/Src/stm32f3xx_hal_tim.o
                0x0000000008005318                HAL_TIM_Base_Start_IT
 .text.HAL_TIM_OC_MspInit
                0x0000000008005384        0x2 ./Drivers/STM32F3xx_HAL_Driver/Src/stm32f3xx_hal_tim.o
                0x0000000008005384                HAL_TIM_OC_MspInit
 .text.HAL_TIM_PWM_MspInit
                0x0000000008005386        0x2 ./Drivers/STM32F3xx_HAL_Driver/Src/stm32f3xx_hal_tim.o
                0x0000000008005386                HAL_TIM_PWM_MspInit
 .text.HAL_TIM_IC_MspInit
                0x0000000008005388        0x2 ./Drivers/STM32F3xx_HAL_Driver/Src/stm32f3xx_hal_tim.o
                0x0000000008005388                HAL_TIM_IC_MspInit
 .text.HAL_TIM_Encoder_Start
                0x000000000800538a       0xb6 ./Drivers/STM32F3xx_HAL_Driver/Src/stm32f3xx_hal_tim.o
                0x000000000800538a                HAL_TIM_Encoder_Start
 .text.HAL_TIM_OC_DelayElapsedCallback
                0x0000000008005440        0x2 ./Drivers/STM32F3xx_HAL_Driver/Src/stm32f3xx_hal_tim.o
                0x0000000008005440                HAL_TIM_OC_DelayElapsedCallback
 .text.HAL_TIM_IC_CaptureCallback
                0x0000000008005442        0x2 ./Drivers/STM32F3xx_HAL_Driver/Src/stm32f3xx_hal_tim.o
                0x0000000008005442                HAL_TIM_IC_CaptureCallback
 .text.TIM_DMACaptureCplt
                0x0000000008005444       0x7a ./Drivers/STM32F3xx_HAL_Driver/Src/stm32f3xx_hal_tim.o
                0x0000000008005444                TIM_DMACaptureCplt
 .text.HAL_TIM_IC_CaptureHalfCpltCallback
                0x00000000080054be        0x2 ./Drivers/STM32F3xx_HAL_Driver/Src/stm32f3xx_hal_tim.o
                0x00000000080054be                HAL_TIM_IC_CaptureHalfCpltCallback
 .text.TIM_DMACaptureHalfCplt
                0x00000000080054c0       0x38 ./Drivers/STM32F3xx_HAL_Driver/Src/stm32f3xx_hal_tim.o
                0x00000000080054c0                TIM_DMACaptureHalfCplt
 .text.HAL_TIM_PWM_PulseFinishedCallback
                0x00000000080054f8        0x2 ./Drivers/STM32F3xx_HAL_Driver/Src/stm32f3xx_hal_tim.o
                0x00000000080054f8                HAL_TIM_PWM_PulseFinishedCallback
 .text.HAL_TIM_TriggerCallback
                0x00000000080054fa        0x2 ./Drivers/STM32F3xx_HAL_Driver/Src/stm32f3xx_hal_tim.o
                0x00000000080054fa                HAL_TIM_TriggerCallback
 .text.HAL_TIM_IRQHandler
                0x00000000080054fc      0x144 ./Drivers/STM32F3xx_HAL_Driver/Src/stm32f3xx_hal_tim.o
                0x00000000080054fc                HAL_TIM_IRQHandler
 .text.HAL_TIM_ErrorCallback
                0x0000000008005640        0x2 ./Drivers/STM32F3xx_HAL_Driver/Src/stm32f3xx_hal_tim.o
                0x0000000008005640                HAL_TIM_ErrorCallback
 .text.TIM_DMAError
                0x0000000008005642       0x58 ./Drivers/STM32F3xx_HAL_Driver/Src/stm32f3xx_hal_tim.o
                0x0000000008005642                TIM_DMAError
 *fill*         0x000000000800569a        0x2 
 .text.TIM_Base_SetConfig
                0x000000000800569c       0xc8 ./Drivers/STM32F3xx_HAL_Driver/Src/stm32f3xx_hal_tim.o
                0x000000000800569c                TIM_Base_SetConfig
 .text.HAL_TIM_Base_Init
                0x0000000008005764       0x58 ./Drivers/STM32F3xx_HAL_Driver/Src/stm32f3xx_hal_tim.o
                0x0000000008005764                HAL_TIM_Base_Init
 .text.HAL_TIM_OC_Init
                0x00000000080057bc       0x58 ./Drivers/STM32F3xx_HAL_Driver/Src/stm32f3xx_hal_tim.o
                0x00000000080057bc                HAL_TIM_OC_Init
 .text.HAL_TIM_PWM_Init
                0x0000000008005814       0x58 ./Drivers/STM32F3xx_HAL_Driver/Src/stm32f3xx_hal_tim.o
                0x0000000008005814                HAL_TIM_PWM_Init
 .text.HAL_TIM_IC_Init
                0x000000000800586c       0x58 ./Drivers/STM32F3xx_HAL_Driver/Src/stm32f3xx_hal_tim.o
                0x000000000800586c                HAL_TIM_IC_Init
 .text.HAL_TIM_Encoder_Init
                0x00000000080058c4       0xaa ./Drivers/STM32F3xx_HAL_Driver/Src/stm32f3xx_hal_tim.o
                0x00000000080058c4                HAL_TIM_Encoder_Init
 *fill*         0x000000000800596e        0x2 
 .text.TIM_OC2_SetConfig
                0x0000000008005970       0x58 ./Drivers/STM32F3xx_HAL_Driver/Src/stm32f3xx_hal_tim.o
                0x0000000008005970                TIM_OC2_SetConfig
 .text.HAL_TIM_OC_ConfigChannel
                0x00000000080059c8       0x9e ./Drivers/STM32F3xx_HAL_Driver/Src/stm32f3xx_hal_tim.o
                0x00000000080059c8                HAL_TIM_OC_ConfigChannel
 .text.HAL_TIM_PWM_ConfigChannel
                0x0000000008005a66      0x104 ./Drivers/STM32F3xx_HAL_Driver/Src/stm32f3xx_hal_tim.o
                0x0000000008005a66                HAL_TIM_PWM_ConfigChannel
 *fill*         0x0000000008005b6a        0x2 
 .text.TIM_TI1_SetConfig
                0x0000000008005b6c       0x6c ./Drivers/STM32F3xx_HAL_Driver/Src/stm32f3xx_hal_tim.o
                0x0000000008005b6c                TIM_TI1_SetConfig
 .text.HAL_TIM_IC_ConfigChannel
                0x0000000008005bd8      0x126 ./Drivers/STM32F3xx_HAL_Driver/Src/stm32f3xx_hal_tim.o
                0x0000000008005bd8                HAL_TIM_IC_ConfigChannel
 .text.TIM_ETR_SetConfig
                0x0000000008005cfe       0x14 ./Drivers/STM32F3xx_HAL_Driver/Src/stm32f3xx_hal_tim.o
                0x0000000008005cfe                TIM_ETR_SetConfig
 .text.HAL_TIM_ConfigClockSource
                0x0000000008005d12      0x138 ./Drivers/STM32F3xx_HAL_Driver/Src/stm32f3xx_hal_tim.o
                0x0000000008005d12                HAL_TIM_ConfigClockSource
 .text.TIM_CCxChannelCmd
                0x0000000008005e4a       0x1c ./Drivers/STM32F3xx_HAL_Driver/Src/stm32f3xx_hal_tim.o
                0x0000000008005e4a                TIM_CCxChannelCmd
 *fill*         0x0000000008005e66        0x2 
 .text.HAL_TIM_OC_Start
                0x0000000008005e68       0xcc ./Drivers/STM32F3xx_HAL_Driver/Src/stm32f3xx_hal_tim.o
                0x0000000008005e68                HAL_TIM_OC_Start
 .text.HAL_TIM_PWM_Start
                0x0000000008005f34        0x4 ./Drivers/STM32F3xx_HAL_Driver/Src/stm32f3xx_hal_tim.o
                0x0000000008005f34                HAL_TIM_PWM_Start
 .text.HAL_TIM_IC_Start_DMA
                0x0000000008005f38      0x1c8 ./Drivers/STM32F3xx_HAL_Driver/Src/stm32f3xx_hal_tim.o
                0x0000000008005f38                HAL_TIM_IC_Start_DMA
 .text.HAL_TIMEx_MasterConfigSynchronization
                0x0000000008006100       0x74 ./Drivers/STM32F3xx_HAL_Driver/Src/stm32f3xx_hal_tim_ex.o
                0x0000000008006100                HAL_TIMEx_MasterConfigSynchronization
 .text.HAL_TIMEx_CommutCallback
                0x0000000008006174        0x2 ./Drivers/STM32F3xx_HAL_Driver/Src/stm32f3xx_hal_tim_ex.o
                0x0000000008006174                HAL_TIMEx_CommutCallback
 .text.HAL_TIMEx_BreakCallback
                0x0000000008006176        0x2 ./Drivers/STM32F3xx_HAL_Driver/Src/stm32f3xx_hal_tim_ex.o
                0x0000000008006176                HAL_TIMEx_BreakCallback
 .text.USB_EnableGlobalInt
                0x0000000008006178       0x12 ./Drivers/STM32F3xx_HAL_Driver/Src/stm32f3xx_ll_usb.o
                0x0000000008006178                USB_EnableGlobalInt
 .text.USB_DisableGlobalInt
                0x000000000800618a       0x14 ./Drivers/STM32F3xx_HAL_Driver/Src/stm32f3xx_ll_usb.o
                0x000000000800618a                USB_DisableGlobalInt
 .text.USB_DevInit
                0x000000000800619e       0x28 ./Drivers/STM32F3xx_HAL_Driver/Src/stm32f3xx_ll_usb.o
                0x000000000800619e                USB_DevInit
 *fill*         0x00000000080061c6        0x2 
 .text.USB_ActivateEndpoint
                0x00000000080061c8      0x2ac ./Drivers/STM32F3xx_HAL_Driver/Src/stm32f3xx_ll_usb.o
                0x00000000080061c8                USB_ActivateEndpoint
 .text.USB_DeactivateEndpoint
                0x0000000008006474      0x1a2 ./Drivers/STM32F3xx_HAL_Driver/Src/stm32f3xx_ll_usb.o
                0x0000000008006474                USB_DeactivateEndpoint
 .text.USB_EPSetStall
                0x0000000008006616       0x40 ./Drivers/STM32F3xx_HAL_Driver/Src/stm32f3xx_ll_usb.o
                0x0000000008006616                USB_EPSetStall
 .text.USB_EPClearStall
                0x0000000008006656       0x92 ./Drivers/STM32F3xx_HAL_Driver/Src/stm32f3xx_ll_usb.o
                0x0000000008006656                USB_EPClearStall
 .text.USB_SetDevAddress
                0x00000000080066e8        0xc ./Drivers/STM32F3xx_HAL_Driver/Src/stm32f3xx_ll_usb.o
                0x00000000080066e8                USB_SetDevAddress
 .text.USB_DevConnect
                0x00000000080066f4        0x4 ./Drivers/STM32F3xx_HAL_Driver/Src/stm32f3xx_ll_usb.o
                0x00000000080066f4                USB_DevConnect
 .text.USB_ReadInterrupts
                0x00000000080066f8        0x8 ./Drivers/STM32F3xx_HAL_Driver/Src/stm32f3xx_ll_usb.o
                0x00000000080066f8                USB_ReadInterrupts
 .text.USB_WritePMA
                0x0000000008006700       0x20 ./Drivers/STM32F3xx_HAL_Driver/Src/stm32f3xx_ll_usb.o
                0x0000000008006700                USB_WritePMA
 .text.USB_EPStartXfer
                0x0000000008006720      0x430 ./Drivers/STM32F3xx_HAL_Driver/Src/stm32f3xx_ll_usb.o
                0x0000000008006720                USB_EPStartXfer
 .text.USB_ReadPMA
                0x0000000008006b50       0x38 ./Drivers/STM32F3xx_HAL_Driver/Src/stm32f3xx_ll_usb.o
                0x0000000008006b50                USB_ReadPMA
 .text.USBD_CDC_EP0_RxReady
                0x0000000008006b88       0x28 ./Middlewares/ST/STM32_USB_Device_Library/Class/CDC/Src/usbd_cdc.o
 .text.USBD_CDC_GetFSCfgDesc
                0x0000000008006bb0        0xc ./Middlewares/ST/STM32_USB_Device_Library/Class/CDC/Src/usbd_cdc.o
 .text.USBD_CDC_GetHSCfgDesc
                0x0000000008006bbc        0xc ./Middlewares/ST/STM32_USB_Device_Library/Class/CDC/Src/usbd_cdc.o
 .text.USBD_CDC_GetOtherSpeedCfgDesc
                0x0000000008006bc8        0xc ./Middlewares/ST/STM32_USB_Device_Library/Class/CDC/Src/usbd_cdc.o
 .text.USBD_CDC_GetDeviceQualifierDescriptor
                0x0000000008006bd4        0xc ./Middlewares/ST/STM32_USB_Device_Library/Class/CDC/Src/usbd_cdc.o
                0x0000000008006bd4                USBD_CDC_GetDeviceQualifierDescriptor
 .text.USBD_CDC_DataOut
                0x0000000008006be0       0x2e ./Middlewares/ST/STM32_USB_Device_Library/Class/CDC/Src/usbd_cdc.o
 .text.USBD_CDC_DataIn
                0x0000000008006c0e       0x42 ./Middlewares/ST/STM32_USB_Device_Library/Class/CDC/Src/usbd_cdc.o
 .text.USBD_CDC_Setup
                0x0000000008006c50       0xb6 ./Middlewares/ST/STM32_USB_Device_Library/Class/CDC/Src/usbd_cdc.o
 .text.USBD_CDC_DeInit
                0x0000000008006d06       0x42 ./Middlewares/ST/STM32_USB_Device_Library/Class/CDC/Src/usbd_cdc.o
 .text.USBD_CDC_Init
                0x0000000008006d48       0xa2 ./Middlewares/ST/STM32_USB_Device_Library/Class/CDC/Src/usbd_cdc.o
 .text.USBD_CDC_RegisterInterface
                0x0000000008006dea        0xe ./Middlewares/ST/STM32_USB_Device_Library/Class/CDC/Src/usbd_cdc.o
                0x0000000008006dea                USBD_CDC_RegisterInterface
 .text.USBD_CDC_SetTxBuffer
                0x0000000008006df8       0x10 ./Middlewares/ST/STM32_USB_Device_Library/Class/CDC/Src/usbd_cdc.o
                0x0000000008006df8                USBD_CDC_SetTxBuffer
 .text.USBD_CDC_SetRxBuffer
                0x0000000008006e08        0xc ./Middlewares/ST/STM32_USB_Device_Library/Class/CDC/Src/usbd_cdc.o
                0x0000000008006e08                USBD_CDC_SetRxBuffer
 .text.USBD_CDC_TransmitPacket
                0x0000000008006e14       0x32 ./Middlewares/ST/STM32_USB_Device_Library/Class/CDC/Src/usbd_cdc.o
                0x0000000008006e14                USBD_CDC_TransmitPacket
 .text.USBD_CDC_ReceivePacket
                0x0000000008006e46       0x2e ./Middlewares/ST/STM32_USB_Device_Library/Class/CDC/Src/usbd_cdc.o
                0x0000000008006e46                USBD_CDC_ReceivePacket
 .text.USBD_Init
                0x0000000008006e74       0x2a ./Middlewares/ST/STM32_USB_Device_Library/Core/Src/usbd_core.o
                0x0000000008006e74                USBD_Init
 .text.USBD_RegisterClass
                0x0000000008006e9e        0xe ./Middlewares/ST/STM32_USB_Device_Library/Core/Src/usbd_core.o
                0x0000000008006e9e                USBD_RegisterClass
 .text.USBD_Start
                0x0000000008006eac        0xa ./Middlewares/ST/STM32_USB_Device_Library/Core/Src/usbd_core.o
                0x0000000008006eac                USBD_Start
 .text.USBD_SetClassConfig
                0x0000000008006eb6       0x16 ./Middlewares/ST/STM32_USB_Device_Library/Core/Src/usbd_core.o
                0x0000000008006eb6                USBD_SetClassConfig
 .text.USBD_ClrClassConfig
                0x0000000008006ecc        0xe ./Middlewares/ST/STM32_USB_Device_Library/Core/Src/usbd_core.o
                0x0000000008006ecc                USBD_ClrClassConfig
 .text.USBD_LL_SetupStage
                0x0000000008006eda       0x5a ./Middlewares/ST/STM32_USB_Device_Library/Core/Src/usbd_core.o
                0x0000000008006eda                USBD_LL_SetupStage
 .text.USBD_LL_DataOutStage
                0x0000000008006f34       0x74 ./Middlewares/ST/STM32_USB_Device_Library/Core/Src/usbd_core.o
                0x0000000008006f34                USBD_LL_DataOutStage
 .text.USBD_LL_DataInStage
                0x0000000008006fa8       0xb6 ./Middlewares/ST/STM32_USB_Device_Library/Core/Src/usbd_core.o
                0x0000000008006fa8                USBD_LL_DataInStage
 .text.USBD_LL_Reset
                0x000000000800705e       0x4e ./Middlewares/ST/STM32_USB_Device_Library/Core/Src/usbd_core.o
                0x000000000800705e                USBD_LL_Reset
 .text.USBD_LL_SetSpeed
                0x00000000080070ac        0x6 ./Middlewares/ST/STM32_USB_Device_Library/Core/Src/usbd_core.o
                0x00000000080070ac                USBD_LL_SetSpeed
 .text.USBD_LL_Suspend
                0x00000000080070b2       0x12 ./Middlewares/ST/STM32_USB_Device_Library/Core/Src/usbd_core.o
                0x00000000080070b2                USBD_LL_Suspend
 .text.USBD_LL_Resume
                0x00000000080070c4       0x14 ./Middlewares/ST/STM32_USB_Device_Library/Core/Src/usbd_core.o
                0x00000000080070c4                USBD_LL_Resume
 .text.USBD_LL_SOF
                0x00000000080070d8       0x18 ./Middlewares/ST/STM32_USB_Device_Library/Core/Src/usbd_core.o
                0x00000000080070d8                USBD_LL_SOF
 .text.USBD_CtlError.constprop.0
                0x00000000080070f0       0x16 ./Middlewares/ST/STM32_USB_Device_Library/Core/Src/usbd_ctlreq.o
 *fill*         0x0000000008007106        0x2 
 .text.USBD_StdDevReq
                0x0000000008007108      0x250 ./Middlewares/ST/STM32_USB_Device_Library/Core/Src/usbd_ctlreq.o
                0x0000000008007108                USBD_StdDevReq
 .text.USBD_StdItfReq
                0x0000000008007358       0x48 ./Middlewares/ST/STM32_USB_Device_Library/Core/Src/usbd_ctlreq.o
                0x0000000008007358                USBD_StdItfReq
 .text.USBD_StdEPReq
                0x00000000080073a0      0x112 ./Middlewares/ST/STM32_USB_Device_Library/Core/Src/usbd_ctlreq.o
                0x00000000080073a0                USBD_StdEPReq
 .text.USBD_ParseSetupRequest
                0x00000000080074b2       0x28 ./Middlewares/ST/STM32_USB_Device_Library/Core/Src/usbd_ctlreq.o
                0x00000000080074b2                USBD_ParseSetupRequest
 .text.USBD_CtlError
                0x00000000080074da       0x16 ./Middlewares/ST/STM32_USB_Device_Library/Core/Src/usbd_ctlreq.o
                0x00000000080074da                USBD_CtlError
 .text.USBD_GetString
                0x00000000080074f0       0x38 ./Middlewares/ST/STM32_USB_Device_Library/Core/Src/usbd_ctlreq.o
                0x00000000080074f0                USBD_GetString
 .text.USBD_CtlSendData
                0x0000000008007528       0x1a ./Middlewares/ST/STM32_USB_Device_Library/Core/Src/usbd_ioreq.o
                0x0000000008007528                USBD_CtlSendData
 .text.USBD_CtlContinueSendData
                0x0000000008007542       0x10 ./Middlewares/ST/STM32_USB_Device_Library/Core/Src/usbd_ioreq.o
                0x0000000008007542                USBD_CtlContinueSendData
 .text.USBD_CtlPrepareRx
                0x0000000008007552       0x1a ./Middlewares/ST/STM32_USB_Device_Library/Core/Src/usbd_ioreq.o
                0x0000000008007552                USBD_CtlPrepareRx
 .text.USBD_CtlContinueRx
                0x000000000800756c       0x10 ./Middlewares/ST/STM32_USB_Device_Library/Core/Src/usbd_ioreq.o
                0x000000000800756c                USBD_CtlContinueRx
 .text.USBD_CtlSendStatus
                0x000000000800757c       0x16 ./Middlewares/ST/STM32_USB_Device_Library/Core/Src/usbd_ioreq.o
                0x000000000800757c                USBD_CtlSendStatus
 .text.USBD_CtlReceiveStatus
                0x0000000008007592       0x16 ./Middlewares/ST/STM32_USB_Device_Library/Core/Src/usbd_ioreq.o
                0x0000000008007592                USBD_CtlReceiveStatus
 .text.MX_USB_DEVICE_Init
                0x00000000080075a8       0x50 ./USB_DEVICE/App/usb_device.o
                0x00000000080075a8                MX_USB_DEVICE_Init
 .text.CDC_DeInit_FS
                0x00000000080075f8        0x4 ./USB_DEVICE/App/usbd_cdc_if.o
 .text.CDC_Control_FS
                0x00000000080075fc        0x4 ./USB_DEVICE/App/usbd_cdc_if.o
 .text.CDC_Init_FS
                0x0000000008007600       0x28 ./USB_DEVICE/App/usbd_cdc_if.o
 .text.CDC_Transmit_FS
                0x0000000008007628       0x2c ./USB_DEVICE/App/usbd_cdc_if.o
                0x0000000008007628                CDC_Transmit_FS
 .text.CDC_Receive_FS
                0x0000000008007654       0x28 ./USB_DEVICE/App/usbd_cdc_if.o
 .text.USBD_FS_DeviceDescriptor
                0x000000000800767c        0xc ./USB_DEVICE/App/usbd_desc.o
                0x000000000800767c                USBD_FS_DeviceDescriptor
 .text.USBD_FS_LangIDStrDescriptor
                0x0000000008007688        0xc ./USB_DEVICE/App/usbd_desc.o
                0x0000000008007688                USBD_FS_LangIDStrDescriptor
 .text.IntToUnicode
                0x0000000008007694       0x2a ./USB_DEVICE/App/usbd_desc.o
 *fill*         0x00000000080076be        0x2 
 .text.USBD_FS_SerialStrDescriptor
                0x00000000080076c0       0x3c ./USB_DEVICE/App/usbd_desc.o
                0x00000000080076c0                USBD_FS_SerialStrDescriptor
 .text.USBD_FS_ManufacturerStrDescriptor
                0x00000000080076fc       0x1c ./USB_DEVICE/App/usbd_desc.o
                0x00000000080076fc                USBD_FS_ManufacturerStrDescriptor
 .text.USBD_FS_ProductStrDescriptor
                0x0000000008007718       0x1c ./USB_DEVICE/App/usbd_desc.o
                0x0000000008007718                USBD_FS_ProductStrDescriptor
 .text.USBD_FS_ConfigStrDescriptor
                0x0000000008007734       0x1c ./USB_DEVICE/App/usbd_desc.o
                0x0000000008007734                USBD_FS_ConfigStrDescriptor
 .text.USBD_FS_InterfaceStrDescriptor
                0x0000000008007750       0x1c ./USB_DEVICE/App/usbd_desc.o
                0x0000000008007750                USBD_FS_InterfaceStrDescriptor
 .text.USBD_Get_USB_Status
                0x000000000800776c       0x10 ./USB_DEVICE/Target/usbd_conf.o
 .text.HAL_PCD_MspInit
                0x000000000800777c       0x78 ./USB_DEVICE/Target/usbd_conf.o
                0x000000000800777c                HAL_PCD_MspInit
 .text.HAL_PCD_SetupStageCallback
                0x00000000080077f4        0xc ./USB_DEVICE/Target/usbd_conf.o
                0x00000000080077f4                HAL_PCD_SetupStageCallback
 .text.HAL_PCD_DataOutStageCallback
                0x0000000008007800       0x12 ./USB_DEVICE/Target/usbd_conf.o
                0x0000000008007800                HAL_PCD_DataOutStageCallback
 .text.HAL_PCD_DataInStageCallback
                0x0000000008007812       0x10 ./USB_DEVICE/Target/usbd_conf.o
                0x0000000008007812                HAL_PCD_DataInStageCallback
 .text.HAL_PCD_SOFCallback
                0x0000000008007822        0x8 ./USB_DEVICE/Target/usbd_conf.o
                0x0000000008007822                HAL_PCD_SOFCallback
 .text.HAL_PCD_ResetCallback
                0x000000000800782a       0x24 ./USB_DEVICE/Target/usbd_conf.o
                0x000000000800782a                HAL_PCD_ResetCallback
 *fill*         0x000000000800784e        0x2 
 .text.HAL_PCD_SuspendCallback
                0x0000000008007850       0x20 ./USB_DEVICE/Target/usbd_conf.o
                0x0000000008007850                HAL_PCD_SuspendCallback
 .text.HAL_PCD_ResumeCallback
                0x0000000008007870        0x8 ./USB_DEVICE/Target/usbd_conf.o
                0x0000000008007870                HAL_PCD_ResumeCallback
 .text.USBD_LL_Init
                0x0000000008007878       0x84 ./USB_DEVICE/Target/usbd_conf.o
                0x0000000008007878                USBD_LL_Init
 .text.USBD_LL_Start
                0x00000000080078fc       0x12 ./USB_DEVICE/Target/usbd_conf.o
                0x00000000080078fc                USBD_LL_Start
 .text.USBD_LL_OpenEP
                0x000000000800790e       0x18 ./USB_DEVICE/Target/usbd_conf.o
                0x000000000800790e                USBD_LL_OpenEP
 .text.USBD_LL_CloseEP
                0x0000000008007926       0x12 ./USB_DEVICE/Target/usbd_conf.o
                0x0000000008007926                USBD_LL_CloseEP
 .text.USBD_LL_StallEP
                0x0000000008007938       0x12 ./USB_DEVICE/Target/usbd_conf.o
                0x0000000008007938                USBD_LL_StallEP
 .text.USBD_LL_ClearStallEP
                0x000000000800794a       0x12 ./USB_DEVICE/Target/usbd_conf.o
                0x000000000800794a                USBD_LL_ClearStallEP
 .text.USBD_LL_IsStallEP
                0x000000000800795c       0x26 ./USB_DEVICE/Target/usbd_conf.o
                0x000000000800795c                USBD_LL_IsStallEP
 .text.USBD_LL_SetUSBAddress
                0x0000000008007982       0x12 ./USB_DEVICE/Target/usbd_conf.o
                0x0000000008007982                USBD_LL_SetUSBAddress
 .text.USBD_LL_Transmit
                0x0000000008007994       0x12 ./USB_DEVICE/Target/usbd_conf.o
                0x0000000008007994                USBD_LL_Transmit
 .text.USBD_LL_PrepareReceive
                0x00000000080079a6       0x12 ./USB_DEVICE/Target/usbd_conf.o
                0x00000000080079a6                USBD_LL_PrepareReceive
 .text.USBD_LL_GetRxDataSize
                0x00000000080079b8        0x8 ./USB_DEVICE/Target/usbd_conf.o
                0x00000000080079b8                USBD_LL_GetRxDataSize
 .text.USBD_static_malloc
                0x00000000080079c0        0x8 ./USB_DEVICE/Target/usbd_conf.o
                0x00000000080079c0                USBD_static_malloc
 .text.USBD_static_free
                0x00000000080079c8        0x2 ./USB_DEVICE/Target/usbd_conf.o
                0x00000000080079c8                USBD_static_free
 .text.HAL_PCDEx_SetConnectionState
                0x00000000080079ca        0x2 ./USB_DEVICE/Target/usbd_conf.o
                0x00000000080079ca                HAL_PCDEx_SetConnectionState
 .text.__errno  0x00000000080079cc        0xc c:/program/stm32cubeide_1.9.0/stm32cubeide/plugins/com.st.stm32cube.ide.mcu.externaltools.gnu-tools-for-stm32.10.3-2021.10.win32_1.0.0.202111181127/tools/bin/../lib/gcc/arm-none-eabi/10.3.1/../../../../arm-none-eabi/lib/thumb/v7e-m+fp/hard\libc_nano.a(lib_a-errno.o)
                0x00000000080079cc                __errno
 .text.__libc_init_array
                0x00000000080079d8       0x48 c:/program/stm32cubeide_1.9.0/stm32cubeide/plugins/com.st.stm32cube.ide.mcu.externaltools.gnu-tools-for-stm32.10.3-2021.10.win32_1.0.0.202111181127/tools/bin/../lib/gcc/arm-none-eabi/10.3.1/../../../../arm-none-eabi/lib/thumb/v7e-m+fp/hard\libc_nano.a(lib_a-init.o)
                0x00000000080079d8                __libc_init_array
 .text.memcpy   0x0000000008007a20       0x1c c:/program/stm32cubeide_1.9.0/stm32cubeide/plugins/com.st.stm32cube.ide.mcu.externaltools.gnu-tools-for-stm32.10.3-2021.10.win32_1.0.0.202111181127/tools/bin/../lib/gcc/arm-none-eabi/10.3.1/../../../../arm-none-eabi/lib/thumb/v7e-m+fp/hard\libc_nano.a(lib_a-memcpy-stub.o)
                0x0000000008007a20                memcpy
 .text.memset   0x0000000008007a3c       0x10 c:/program/stm32cubeide_1.9.0/stm32cubeide/plugins/com.st.stm32cube.ide.mcu.externaltools.gnu-tools-for-stm32.10.3-2021.10.win32_1.0.0.202111181127/tools/bin/../lib/gcc/arm-none-eabi/10.3.1/../../../../arm-none-eabi/lib/thumb/v7e-m+fp/hard\libc_nano.a(lib_a-memset.o)
                0x0000000008007a3c                memset
 .text.__cvt    0x0000000008007a4c       0xc4 c:/program/stm32cubeide_1.9.0/stm32cubeide/plugins/com.st.stm32cube.ide.mcu.externaltools.gnu-tools-for-stm32.10.3-2021.10.win32_1.0.0.202111181127/tools/bin/../lib/gcc/arm-none-eabi/10.3.1/../../../../arm-none-eabi/lib/thumb/v7e-m+fp/hard\libc_nano.a(lib_a-nano-vfprintf_float.o)
                0x0000000008007a4c                __cvt
 .text.__exponent
                0x0000000008007b10       0x7c c:/program/stm32cubeide_1.9.0/stm32cubeide/plugins/com.st.stm32cube.ide.mcu.externaltools.gnu-tools-for-stm32.10.3-2021.10.win32_1.0.0.202111181127/tools/bin/../lib/gcc/arm-none-eabi/10.3.1/../../../../arm-none-eabi/lib/thumb/v7e-m+fp/hard\libc_nano.a(lib_a-nano-vfprintf_float.o)
                0x0000000008007b10                __exponent
 .text._printf_float
                0x0000000008007b8c      0x46c c:/program/stm32cubeide_1.9.0/stm32cubeide/plugins/com.st.stm32cube.ide.mcu.externaltools.gnu-tools-for-stm32.10.3-2021.10.win32_1.0.0.202111181127/tools/bin/../lib/gcc/arm-none-eabi/10.3.1/../../../../arm-none-eabi/lib/thumb/v7e-m+fp/hard\libc_nano.a(lib_a-nano-vfprintf_float.o)
                0x0000000008007b8c                _printf_float
 .text._printf_common
                0x0000000008007ff8       0xda c:/program/stm32cubeide_1.9.0/stm32cubeide/plugins/com.st.stm32cube.ide.mcu.externaltools.gnu-tools-for-stm32.10.3-2021.10.win32_1.0.0.202111181127/tools/bin/../lib/gcc/arm-none-eabi/10.3.1/../../../../arm-none-eabi/lib/thumb/v7e-m+fp/hard\libc_nano.a(lib_a-nano-vfprintf_i.o)
                0x0000000008007ff8                _printf_common
 *fill*         0x00000000080080d2        0x2 
 .text._printf_i
                0x00000000080080d4      0x24c c:/program/stm32cubeide_1.9.0/stm32cubeide/plugins/com.st.stm32cube.ide.mcu.externaltools.gnu-tools-for-stm32.10.3-2021.10.win32_1.0.0.202111181127/tools/bin/../lib/gcc/arm-none-eabi/10.3.1/../../../../arm-none-eabi/lib/thumb/v7e-m+fp/hard\libc_nano.a(lib_a-nano-vfprintf_i.o)
                0x00000000080080d4                _printf_i
 .text.quorem   0x0000000008008320      0x116 c:/program/stm32cubeide_1.9.0/stm32cubeide/plugins/com.st.stm32cube.ide.mcu.externaltools.gnu-tools-for-stm32.10.3-2021.10.win32_1.0.0.202111181127/tools/bin/../lib/gcc/arm-none-eabi/10.3.1/../../../../arm-none-eabi/lib/thumb/v7e-m+fp/hard\libc_nano.a(lib_a-dtoa.o)
 *fill*         0x0000000008008436        0x2 
 .text._dtoa_r  0x0000000008008438      0xbdc c:/program/stm32cubeide_1.9.0/stm32cubeide/plugins/com.st.stm32cube.ide.mcu.externaltools.gnu-tools-for-stm32.10.3-2021.10.win32_1.0.0.202111181127/tools/bin/../lib/gcc/arm-none-eabi/10.3.1/../../../../arm-none-eabi/lib/thumb/v7e-m+fp/hard\libc_nano.a(lib_a-dtoa.o)
                0x0000000008008438                _dtoa_r
 .text._localeconv_r
                0x0000000008009014        0x8 c:/program/stm32cubeide_1.9.0/stm32cubeide/plugins/com.st.stm32cube.ide.mcu.externaltools.gnu-tools-for-stm32.10.3-2021.10.win32_1.0.0.202111181127/tools/bin/../lib/gcc/arm-none-eabi/10.3.1/../../../../arm-none-eabi/lib/thumb/v7e-m+fp/hard\libc_nano.a(lib_a-localeconv.o)
                0x0000000008009014                _localeconv_r
 .text.malloc   0x000000000800901c       0x10 c:/program/stm32cubeide_1.9.0/stm32cubeide/plugins/com.st.stm32cube.ide.mcu.externaltools.gnu-tools-for-stm32.10.3-2021.10.win32_1.0.0.202111181127/tools/bin/../lib/gcc/arm-none-eabi/10.3.1/../../../../arm-none-eabi/lib/thumb/v7e-m+fp/hard\libc_nano.a(lib_a-malloc.o)
                0x000000000800901c                malloc
 .text._Balloc  0x000000000800902c       0x80 c:/program/stm32cubeide_1.9.0/stm32cubeide/plugins/com.st.stm32cube.ide.mcu.externaltools.gnu-tools-for-stm32.10.3-2021.10.win32_1.0.0.202111181127/tools/bin/../lib/gcc/arm-none-eabi/10.3.1/../../../../arm-none-eabi/lib/thumb/v7e-m+fp/hard\libc_nano.a(lib_a-mprec.o)
                0x000000000800902c                _Balloc
 .text._Bfree   0x00000000080090ac       0x44 c:/program/stm32cubeide_1.9.0/stm32cubeide/plugins/com.st.stm32cube.ide.mcu.externaltools.gnu-tools-for-stm32.10.3-2021.10.win32_1.0.0.202111181127/tools/bin/../lib/gcc/arm-none-eabi/10.3.1/../../../../arm-none-eabi/lib/thumb/v7e-m+fp/hard\libc_nano.a(lib_a-mprec.o)
                0x00000000080090ac                _Bfree
 .text.__multadd
                0x00000000080090f0       0x8c c:/program/stm32cubeide_1.9.0/stm32cubeide/plugins/com.st.stm32cube.ide.mcu.externaltools.gnu-tools-for-stm32.10.3-2021.10.win32_1.0.0.202111181127/tools/bin/../lib/gcc/arm-none-eabi/10.3.1/../../../../arm-none-eabi/lib/thumb/v7e-m+fp/hard\libc_nano.a(lib_a-mprec.o)
                0x00000000080090f0                __multadd
 .text.__hi0bits
                0x000000000800917c       0x40 c:/program/stm32cubeide_1.9.0/stm32cubeide/plugins/com.st.stm32cube.ide.mcu.externaltools.gnu-tools-for-stm32.10.3-2021.10.win32_1.0.0.202111181127/tools/bin/../lib/gcc/arm-none-eabi/10.3.1/../../../../arm-none-eabi/lib/thumb/v7e-m+fp/hard\libc_nano.a(lib_a-mprec.o)
                0x000000000800917c                __hi0bits
 .text.__lo0bits
                0x00000000080091bc       0x5e c:/program/stm32cubeide_1.9.0/stm32cubeide/plugins/com.st.stm32cube.ide.mcu.externaltools.gnu-tools-for-stm32.10.3-2021.10.win32_1.0.0.202111181127/tools/bin/../lib/gcc/arm-none-eabi/10.3.1/../../../../arm-none-eabi/lib/thumb/v7e-m+fp/hard\libc_nano.a(lib_a-mprec.o)
                0x00000000080091bc                __lo0bits
 *fill*         0x000000000800921a        0x2 
 .text.__i2b    0x000000000800921c       0x2c c:/program/stm32cubeide_1.9.0/stm32cubeide/plugins/com.st.stm32cube.ide.mcu.externaltools.gnu-tools-for-stm32.10.3-2021.10.win32_1.0.0.202111181127/tools/bin/../lib/gcc/arm-none-eabi/10.3.1/../../../../arm-none-eabi/lib/thumb/v7e-m+fp/hard\libc_nano.a(lib_a-mprec.o)
                0x000000000800921c                __i2b
 .text.__multiply
                0x0000000008009248      0x154 c:/program/stm32cubeide_1.9.0/stm32cubeide/plugins/com.st.stm32cube.ide.mcu.externaltools.gnu-tools-for-stm32.10.3-2021.10.win32_1.0.0.202111181127/tools/bin/../lib/gcc/arm-none-eabi/10.3.1/../../../../arm-none-eabi/lib/thumb/v7e-m+fp/hard\libc_nano.a(lib_a-mprec.o)
                0x0000000008009248                __multiply
 .text.__pow5mult
                0x000000000800939c       0xb4 c:/program/stm32cubeide_1.9.0/stm32cubeide/plugins/com.st.stm32cube.ide.mcu.externaltools.gnu-tools-for-stm32.10.3-2021.10.win32_1.0.0.202111181127/tools/bin/../lib/gcc/arm-none-eabi/10.3.1/../../../../arm-none-eabi/lib/thumb/v7e-m+fp/hard\libc_nano.a(lib_a-mprec.o)
                0x000000000800939c                __pow5mult
 .text.__lshift
                0x0000000008009450       0xe0 c:/program/stm32cubeide_1.9.0/stm32cubeide/plugins/com.st.stm32cube.ide.mcu.externaltools.gnu-tools-for-stm32.10.3-2021.10.win32_1.0.0.202111181127/tools/bin/../lib/gcc/arm-none-eabi/10.3.1/../../../../arm-none-eabi/lib/thumb/v7e-m+fp/hard\libc_nano.a(lib_a-mprec.o)
                0x0000000008009450                __lshift
 .text.__mcmp   0x0000000008009530       0x38 c:/program/stm32cubeide_1.9.0/stm32cubeide/plugins/com.st.stm32cube.ide.mcu.externaltools.gnu-tools-for-stm32.10.3-2021.10.win32_1.0.0.202111181127/tools/bin/../lib/gcc/arm-none-eabi/10.3.1/../../../../arm-none-eabi/lib/thumb/v7e-m+fp/hard\libc_nano.a(lib_a-mprec.o)
                0x0000000008009530                __mcmp
 .text.__mdiff  0x0000000008009568      0x114 c:/program/stm32cubeide_1.9.0/stm32cubeide/plugins/com.st.stm32cube.ide.mcu.externaltools.gnu-tools-for-stm32.10.3-2021.10.win32_1.0.0.202111181127/tools/bin/../lib/gcc/arm-none-eabi/10.3.1/../../../../arm-none-eabi/lib/thumb/v7e-m+fp/hard\libc_nano.a(lib_a-mprec.o)
                0x0000000008009568                __mdiff
 .text.__d2b    0x000000000800967c       0xb8 c:/program/stm32cubeide_1.9.0/stm32cubeide/plugins/com.st.stm32cube.ide.mcu.externaltools.gnu-tools-for-stm32.10.3-2021.10.win32_1.0.0.202111181127/tools/bin/../lib/gcc/arm-none-eabi/10.3.1/../../../../arm-none-eabi/lib/thumb/v7e-m+fp/hard\libc_nano.a(lib_a-mprec.o)
                0x000000000800967c                __d2b
 .text._calloc_r
                0x0000000008009734       0x2c c:/program/stm32cubeide_1.9.0/stm32cubeide/plugins/com.st.stm32cube.ide.mcu.externaltools.gnu-tools-for-stm32.10.3-2021.10.win32_1.0.0.202111181127/tools/bin/../lib/gcc/arm-none-eabi/10.3.1/../../../../arm-none-eabi/lib/thumb/v7e-m+fp/hard\libc_nano.a(lib_a-nano-callocr.o)
                0x0000000008009734                _calloc_r
 .text._free_r  0x0000000008009760       0x98 c:/program/stm32cubeide_1.9.0/stm32cubeide/plugins/com.st.stm32cube.ide.mcu.externaltools.gnu-tools-for-stm32.10.3-2021.10.win32_1.0.0.202111181127/tools/bin/../lib/gcc/arm-none-eabi/10.3.1/../../../../arm-none-eabi/lib/thumb/v7e-m+fp/hard\libc_nano.a(lib_a-nano-freer.o)
                0x0000000008009760                _free_r
 .text.sbrk_aligned
                0x00000000080097f8       0x40 c:/program/stm32cubeide_1.9.0/stm32cubeide/plugins/com.st.stm32cube.ide.mcu.externaltools.gnu-tools-for-stm32.10.3-2021.10.win32_1.0.0.202111181127/tools/bin/../lib/gcc/arm-none-eabi/10.3.1/../../../../arm-none-eabi/lib/thumb/v7e-m+fp/hard\libc_nano.a(lib_a-nano-mallocr.o)
 .text._malloc_r
                0x0000000008009838       0xe8 c:/program/stm32cubeide_1.9.0/stm32cubeide/plugins/com.st.stm32cube.ide.mcu.externaltools.gnu-tools-for-stm32.10.3-2021.10.win32_1.0.0.202111181127/tools/bin/../lib/gcc/arm-none-eabi/10.3.1/../../../../arm-none-eabi/lib/thumb/v7e-m+fp/hard\libc_nano.a(lib_a-nano-mallocr.o)
                0x0000000008009838                _malloc_r
 .text._sbrk_r  0x0000000008009920       0x20 c:/program/stm32cubeide_1.9.0/stm32cubeide/plugins/com.st.stm32cube.ide.mcu.externaltools.gnu-tools-for-stm32.10.3-2021.10.win32_1.0.0.202111181127/tools/bin/../lib/gcc/arm-none-eabi/10.3.1/../../../../arm-none-eabi/lib/thumb/v7e-m+fp/hard\libc_nano.a(lib_a-sbrkr.o)
                0x0000000008009920                _sbrk_r
 .text.__assert_func
                0x0000000008009940       0x3c c:/program/stm32cubeide_1.9.0/stm32cubeide/plugins/com.st.stm32cube.ide.mcu.externaltools.gnu-tools-for-stm32.10.3-2021.10.win32_1.0.0.202111181127/tools/bin/../lib/gcc/arm-none-eabi/10.3.1/../../../../arm-none-eabi/lib/thumb/v7e-m+fp/hard\libc_nano.a(lib_a-assert.o)
                0x0000000008009940                __assert_func
 .text.fprintf  0x000000000800997c       0x24 c:/program/stm32cubeide_1.9.0/stm32cubeide/plugins/com.st.stm32cube.ide.mcu.externaltools.gnu-tools-for-stm32.10.3-2021.10.win32_1.0.0.202111181127/tools/bin/../lib/gcc/arm-none-eabi/10.3.1/../../../../arm-none-eabi/lib/thumb/v7e-m+fp/hard\libc_nano.a(lib_a-fprintf.o)
                0x000000000800997c                fiprintf
                0x000000000800997c                fprintf
 .text.__ascii_mbtowc
                0x00000000080099a0       0x24 c:/program/stm32cubeide_1.9.0/stm32cubeide/plugins/com.st.stm32cube.ide.mcu.externaltools.gnu-tools-for-stm32.10.3-2021.10.win32_1.0.0.202111181127/tools/bin/../lib/gcc/arm-none-eabi/10.3.1/../../../../arm-none-eabi/lib/thumb/v7e-m+fp/hard\libc_nano.a(lib_a-mbtowc_r.o)
                0x00000000080099a0                __ascii_mbtowc
 .text.__malloc_lock
                0x00000000080099c4        0xc c:/program/stm32cubeide_1.9.0/stm32cubeide/plugins/com.st.stm32cube.ide.mcu.externaltools.gnu-tools-for-stm32.10.3-2021.10.win32_1.0.0.202111181127/tools/bin/../lib/gcc/arm-none-eabi/10.3.1/../../../../arm-none-eabi/lib/thumb/v7e-m+fp/hard\libc_nano.a(lib_a-mlock.o)
                0x00000000080099c4                __malloc_lock
 .text.__malloc_unlock
                0x00000000080099d0        0xc c:/program/stm32cubeide_1.9.0/stm32cubeide/plugins/com.st.stm32cube.ide.mcu.externaltools.gnu-tools-for-stm32.10.3-2021.10.win32_1.0.0.202111181127/tools/bin/../lib/gcc/arm-none-eabi/10.3.1/../../../../arm-none-eabi/lib/thumb/v7e-m+fp/hard\libc_nano.a(lib_a-mlock.o)
                0x00000000080099d0                __malloc_unlock
 .text.__sfputc_r
                0x00000000080099dc       0x2e c:/program/stm32cubeide_1.9.0/stm32cubeide/plugins/com.st.stm32cube.ide.mcu.externaltools.gnu-tools-for-stm32.10.3-2021.10.win32_1.0.0.202111181127/tools/bin/../lib/gcc/arm-none-eabi/10.3.1/../../../../arm-none-eabi/lib/thumb/v7e-m+fp/hard\libc_nano.a(lib_a-nano-vfprintf.o)
 .text.__sfputs_r
                0x0000000008009a0a       0x24 c:/program/stm32cubeide_1.9.0/stm32cubeide/plugins/com.st.stm32cube.ide.mcu.externaltools.gnu-tools-for-stm32.10.3-2021.10.win32_1.0.0.202111181127/tools/bin/../lib/gcc/arm-none-eabi/10.3.1/../../../../arm-none-eabi/lib/thumb/v7e-m+fp/hard\libc_nano.a(lib_a-nano-vfprintf.o)
                0x0000000008009a0a                __sfputs_r
 *fill*         0x0000000008009a2e        0x2 
 .text._vfprintf_r
                0x0000000008009a30      0x260 c:/program/stm32cubeide_1.9.0/stm32cubeide/plugins/com.st.stm32cube.ide.mcu.externaltools.gnu-tools-for-stm32.10.3-2021.10.win32_1.0.0.202111181127/tools/bin/../lib/gcc/arm-none-eabi/10.3.1/../../../../arm-none-eabi/lib/thumb/v7e-m+fp/hard\libc_nano.a(lib_a-nano-vfprintf.o)
                0x0000000008009a30                _vfprintf_r
                0x0000000008009a30                _vfiprintf_r
 .text.__swbuf_r
                0x0000000008009c90       0xa4 c:/program/stm32cubeide_1.9.0/stm32cubeide/plugins/com.st.stm32cube.ide.mcu.externaltools.gnu-tools-for-stm32.10.3-2021.10.win32_1.0.0.202111181127/tools/bin/../lib/gcc/arm-none-eabi/10.3.1/../../../../arm-none-eabi/lib/thumb/v7e-m+fp/hard\libc_nano.a(lib_a-wbuf.o)
                0x0000000008009c90                __swbuf_r
 .text.__ascii_wctomb
                0x0000000008009d34       0x1a c:/program/stm32cubeide_1.9.0/stm32cubeide/plugins/com.st.stm32cube.ide.mcu.externaltools.gnu-tools-for-stm32.10.3-2021.10.win32_1.0.0.202111181127/tools/bin/../lib/gcc/arm-none-eabi/10.3.1/../../../../arm-none-eabi/lib/thumb/v7e-m+fp/hard\libc_nano.a(lib_a-wctomb_r.o)
                0x0000000008009d34                __ascii_wctomb
 *fill*         0x0000000008009d4e        0x2 
 .text.__swsetup_r
                0x0000000008009d50       0xdc c:/program/stm32cubeide_1.9.0/stm32cubeide/plugins/com.st.stm32cube.ide.mcu.externaltools.gnu-tools-for-stm32.10.3-2021.10.win32_1.0.0.202111181127/tools/bin/../lib/gcc/arm-none-eabi/10.3.1/../../../../arm-none-eabi/lib/thumb/v7e-m+fp/hard\libc_nano.a(lib_a-wsetup.o)
                0x0000000008009d50                __swsetup_r
 .text.abort    0x0000000008009e2c        0xe c:/program/stm32cubeide_1.9.0/stm32cubeide/plugins/com.st.stm32cube.ide.mcu.externaltools.gnu-tools-for-stm32.10.3-2021.10.win32_1.0.0.202111181127/tools/bin/../lib/gcc/arm-none-eabi/10.3.1/../../../../arm-none-eabi/lib/thumb/v7e-m+fp/hard\libc_nano.a(lib_a-abort.o)
                0x0000000008009e2c                abort
 *fill*         0x0000000008009e3a        0x2 
 .text.__sflush_r
                0x0000000008009e3c      0x10c c:/program/stm32cubeide_1.9.0/stm32cubeide/plugins/com.st.stm32cube.ide.mcu.externaltools.gnu-tools-for-stm32.10.3-2021.10.win32_1.0.0.202111181127/tools/bin/../lib/gcc/arm-none-eabi/10.3.1/../../../../arm-none-eabi/lib/thumb/v7e-m+fp/hard\libc_nano.a(lib_a-fflush.o)
                0x0000000008009e3c                __sflush_r
 .text._fflush_r
                0x0000000008009f48       0x78 c:/program/stm32cubeide_1.9.0/stm32cubeide/plugins/com.st.stm32cube.ide.mcu.externaltools.gnu-tools-for-stm32.10.3-2021.10.win32_1.0.0.202111181127/tools/bin/../lib/gcc/arm-none-eabi/10.3.1/../../../../arm-none-eabi/lib/thumb/v7e-m+fp/hard\libc_nano.a(lib_a-fflush.o)
                0x0000000008009f48                _fflush_r
 .text.std      0x0000000008009fc0       0x48 c:/program/stm32cubeide_1.9.0/stm32cubeide/plugins/com.st.stm32cube.ide.mcu.externaltools.gnu-tools-for-stm32.10.3-2021.10.win32_1.0.0.202111181127/tools/bin/../lib/gcc/arm-none-eabi/10.3.1/../../../../arm-none-eabi/lib/thumb/v7e-m+fp/hard\libc_nano.a(lib_a-findfp.o)
 .text._cleanup_r
                0x000000000800a008        0xc c:/program/stm32cubeide_1.9.0/stm32cubeide/plugins/com.st.stm32cube.ide.mcu.externaltools.gnu-tools-for-stm32.10.3-2021.10.win32_1.0.0.202111181127/tools/bin/../lib/gcc/arm-none-eabi/10.3.1/../../../../arm-none-eabi/lib/thumb/v7e-m+fp/hard\libc_nano.a(lib_a-findfp.o)
                0x000000000800a008                _cleanup_r
 .text.__sfmoreglue
                0x000000000800a014       0x2c c:/program/stm32cubeide_1.9.0/stm32cubeide/plugins/com.st.stm32cube.ide.mcu.externaltools.gnu-tools-for-stm32.10.3-2021.10.win32_1.0.0.202111181127/tools/bin/../lib/gcc/arm-none-eabi/10.3.1/../../../../arm-none-eabi/lib/thumb/v7e-m+fp/hard\libc_nano.a(lib_a-findfp.o)
                0x000000000800a014                __sfmoreglue
 .text.__sfp_lock_acquire
                0x000000000800a040        0xc c:/program/stm32cubeide_1.9.0/stm32cubeide/plugins/com.st.stm32cube.ide.mcu.externaltools.gnu-tools-for-stm32.10.3-2021.10.win32_1.0.0.202111181127/tools/bin/../lib/gcc/arm-none-eabi/10.3.1/../../../../arm-none-eabi/lib/thumb/v7e-m+fp/hard\libc_nano.a(lib_a-findfp.o)
                0x000000000800a040                __sfp_lock_acquire
 .text.__sfp_lock_release
                0x000000000800a04c        0xc c:/program/stm32cubeide_1.9.0/stm32cubeide/plugins/com.st.stm32cube.ide.mcu.externaltools.gnu-tools-for-stm32.10.3-2021.10.win32_1.0.0.202111181127/tools/bin/../lib/gcc/arm-none-eabi/10.3.1/../../../../arm-none-eabi/lib/thumb/v7e-m+fp/hard\libc_nano.a(lib_a-findfp.o)
                0x000000000800a04c                __sfp_lock_release
 .text.__sinit_lock_acquire
                0x000000000800a058        0xc c:/program/stm32cubeide_1.9.0/stm32cubeide/plugins/com.st.stm32cube.ide.mcu.externaltools.gnu-tools-for-stm32.10.3-2021.10.win32_1.0.0.202111181127/tools/bin/../lib/gcc/arm-none-eabi/10.3.1/../../../../arm-none-eabi/lib/thumb/v7e-m+fp/hard\libc_nano.a(lib_a-findfp.o)
                0x000000000800a058                __sinit_lock_acquire
 .text.__sinit_lock_release
                0x000000000800a064        0xc c:/program/stm32cubeide_1.9.0/stm32cubeide/plugins/com.st.stm32cube.ide.mcu.externaltools.gnu-tools-for-stm32.10.3-2021.10.win32_1.0.0.202111181127/tools/bin/../lib/gcc/arm-none-eabi/10.3.1/../../../../arm-none-eabi/lib/thumb/v7e-m+fp/hard\libc_nano.a(lib_a-findfp.o)
                0x000000000800a064                __sinit_lock_release
 .text.__sinit  0x000000000800a070       0x70 c:/program/stm32cubeide_1.9.0/stm32cubeide/plugins/com.st.stm32cube.ide.mcu.externaltools.gnu-tools-for-stm32.10.3-2021.10.win32_1.0.0.202111181127/tools/bin/../lib/gcc/arm-none-eabi/10.3.1/../../../../arm-none-eabi/lib/thumb/v7e-m+fp/hard\libc_nano.a(lib_a-findfp.o)
                0x000000000800a070                __sinit
 .text.__sfp    0x000000000800a0e0       0x8c c:/program/stm32cubeide_1.9.0/stm32cubeide/plugins/com.st.stm32cube.ide.mcu.externaltools.gnu-tools-for-stm32.10.3-2021.10.win32_1.0.0.202111181127/tools/bin/../lib/gcc/arm-none-eabi/10.3.1/../../../../arm-none-eabi/lib/thumb/v7e-m+fp/hard\libc_nano.a(lib_a-findfp.o)
                0x000000000800a0e0                __sfp
 .text._fwalk_reent
                0x000000000800a16c       0x3e c:/program/stm32cubeide_1.9.0/stm32cubeide/plugins/com.st.stm32cube.ide.mcu.externaltools.gnu-tools-for-stm32.10.3-2021.10.win32_1.0.0.202111181127/tools/bin/../lib/gcc/arm-none-eabi/10.3.1/../../../../arm-none-eabi/lib/thumb/v7e-m+fp/hard\libc_nano.a(lib_a-fwalk.o)
                0x000000000800a16c                _fwalk_reent
 .text.__retarget_lock_init_recursive
                0x000000000800a1aa        0x2 c:/program/stm32cubeide_1.9.0/stm32cubeide/plugins/com.st.stm32cube.ide.mcu.externaltools.gnu-tools-for-stm32.10.3-2021.10.win32_1.0.0.202111181127/tools/bin/../lib/gcc/arm-none-eabi/10.3.1/../../../../arm-none-eabi/lib/thumb/v7e-m+fp/hard\libc_nano.a(lib_a-lock.o)
                0x000000000800a1aa                __retarget_lock_init_recursive
 .text.__retarget_lock_acquire_recursive
                0x000000000800a1ac        0x2 c:/program/stm32cubeide_1.9.0/stm32cubeide/plugins/com.st.stm32cube.ide.mcu.externaltools.gnu-tools-for-stm32.10.3-2021.10.win32_1.0.0.202111181127/tools/bin/../lib/gcc/arm-none-eabi/10.3.1/../../../../arm-none-eabi/lib/thumb/v7e-m+fp/hard\libc_nano.a(lib_a-lock.o)
                0x000000000800a1ac                __retarget_lock_acquire_recursive
 .text.__retarget_lock_release_recursive
                0x000000000800a1ae        0x2 c:/program/stm32cubeide_1.9.0/stm32cubeide/plugins/com.st.stm32cube.ide.mcu.externaltools.gnu-tools-for-stm32.10.3-2021.10.win32_1.0.0.202111181127/tools/bin/../lib/gcc/arm-none-eabi/10.3.1/../../../../arm-none-eabi/lib/thumb/v7e-m+fp/hard\libc_nano.a(lib_a-lock.o)
                0x000000000800a1ae                __retarget_lock_release_recursive
 .text.__swhatbuf_r
                0x000000000800a1b0       0x4a c:/program/stm32cubeide_1.9.0/stm32cubeide/plugins/com.st.stm32cube.ide.mcu.externaltools.gnu-tools-for-stm32.10.3-2021.10.win32_1.0.0.202111181127/tools/bin/../lib/gcc/arm-none-eabi/10.3.1/../../../../arm-none-eabi/lib/thumb/v7e-m+fp/hard\libc_nano.a(lib_a-makebuf.o)
                0x000000000800a1b0                __swhatbuf_r
 *fill*         0x000000000800a1fa        0x2 
 .text.__smakebuf_r
                0x000000000800a1fc       0x80 c:/program/stm32cubeide_1.9.0/stm32cubeide/plugins/com.st.stm32cube.ide.mcu.externaltools.gnu-tools-for-stm32.10.3-2021.10.win32_1.0.0.202111181127/tools/bin/../lib/gcc/arm-none-eabi/10.3.1/../../../../arm-none-eabi/lib/thumb/v7e-m+fp/hard\libc_nano.a(lib_a-makebuf.o)
                0x000000000800a1fc                __smakebuf_r
 .text._raise_r
                0x000000000800a27c       0x50 c:/program/stm32cubeide_1.9.0/stm32cubeide/plugins/com.st.stm32cube.ide.mcu.externaltools.gnu-tools-for-stm32.10.3-2021.10.win32_1.0.0.202111181127/tools/bin/../lib/gcc/arm-none-eabi/10.3.1/../../../../arm-none-eabi/lib/thumb/v7e-m+fp/hard\libc_nano.a(lib_a-signal.o)
                0x000000000800a27c                _raise_r
 .text.raise    0x000000000800a2cc       0x10 c:/program/stm32cubeide_1.9.0/stm32cubeide/plugins/com.st.stm32cube.ide.mcu.externaltools.gnu-tools-for-stm32.10.3-2021.10.win32_1.0.0.202111181127/tools/bin/../lib/gcc/arm-none-eabi/10.3.1/../../../../arm-none-eabi/lib/thumb/v7e-m+fp/hard\libc_nano.a(lib_a-signal.o)
                0x000000000800a2cc                raise
 .text._kill_r  0x000000000800a2dc       0x24 c:/program/stm32cubeide_1.9.0/stm32cubeide/plugins/com.st.stm32cube.ide.mcu.externaltools.gnu-tools-for-stm32.10.3-2021.10.win32_1.0.0.202111181127/tools/bin/../lib/gcc/arm-none-eabi/10.3.1/../../../../arm-none-eabi/lib/thumb/v7e-m+fp/hard\libc_nano.a(lib_a-signalr.o)
                0x000000000800a2dc                _kill_r
 .text._getpid_r
                0x000000000800a300        0x4 c:/program/stm32cubeide_1.9.0/stm32cubeide/plugins/com.st.stm32cube.ide.mcu.externaltools.gnu-tools-for-stm32.10.3-2021.10.win32_1.0.0.202111181127/tools/bin/../lib/gcc/arm-none-eabi/10.3.1/../../../../arm-none-eabi/lib/thumb/v7e-m+fp/hard\libc_nano.a(lib_a-signalr.o)
                0x000000000800a300                _getpid_r