../Core/Src/STM32 PLC/PWM.c:14:6:STM32_PLC_PWM	16	static
../Core/Src/STM32 PLC/PWM.c:36:6:STM32_PLC_PWM_Set	0	static
../Core/Src/STM32 PLC/PWM.c:73:10:STM32_PLC_PWM_Get	0	static
../Core/Src/STM32 PLC/PWM.c:77:6:STM32_PLC_PWM_Reset	8	static
../Core/Src/STM32 PLC/PWM.c:82:6:STM32_PLC_PWM0_To_PWM3_Set_Prescaler	0	static
../Core/Src/STM32 PLC/PWM.c:88:6:STM32_PLC_PWM4_To_PWM7_Set_Prescaler	0	static
../Core/Src/STM32 PLC/PWM.c:94:10:STM32_PLC_PWM0_To_PWM3_Get_Prescaler	0	static
../Core/Src/STM32 PLC/PWM.c:98:10:STM32_PLC_PWM4_To_PWM7_Get_Prescaler	0	static
